     ____
    / _  |   Frida 16.5.7 - A world-class dynamic instrumentation toolkit
   | (_| |
    > _  |   Commands:
   /_/ |_|       help      -> Displays the help system
   . . . .       object?   -> Display information about 'object'
   . . . .       exit/quit -> Exit
   . . . .
   . . . .   More info at https://frida.re/docs/home/
   . . . .
   . . . .   Connected to 127.0.0.1:12345 (id=socket@127.0.0.1:12345)
Attaching...
[*] Loading Bluetooth protocol stack synthesis Hook script...
[+] base address: 0x73648a0000
[*] allHookLoaded successfully！
[Remote::com.android.bluetooth ]-> [GATTC Read operation] connectID: 257, type: 1, address: 0x734f941298
Structure content:
  Authentication request: 0
  start handle: 0x1
  end handle: 0xffff
  UUID:     00002B3A-0000-1000-8000-00805F9B34FB
[security check] Parameter address: 0x736514b138
GATT Security Cls: 0x736514b138
[security check] return value: 1
[security check] return value: reject
[GATTC Read operation] return value: 0
service discovery: 0x736514b1b8
service discovery: 0x736514b1b8
service discovery: 0x736514b1b8
service discovery: 0x736514b1b8
service discovery: 0x736514b138
service discovery: 0x736514b138
service discovery: 0x736514b138
service discovery: 0x736514b138
service discovery: 0x736514b138
service discovery: 0x736514b138
service discovery: 0x736514b138
service discovery: 0x736514b138
service discovery: 0x736514b138
service discovery: 0x736514b138
service discovery: 0x736514b138
service discovery: 0x736514b138
service discovery: 0x736514b138
service discovery: 0x736514b138
service discovery: 0x736514b138
service discovery: 0x736514b138
service discovery: 0x736514b138
service discovery: 0x736514b138
service discovery: 0x736514b138
service discovery: 0x736514b138
service discovery: 0x736514b138
service discovery: 0x736514b138
service discovery: 0x736514b138
service discovery: 0x736514b138
service discovery: 0x736514b138
service discovery: 0x736514b138
service discovery: 0x736514b138
service discovery: 0x736514b138
service discovery: 0x736514b138
service discovery: 0x736514b138
service discovery: 0x736514b138
service discovery: 0x736514b138
service discovery: 0x736514b138
service discovery: 0x736514b138
service discovery: 0x736514b138
service discovery: 0x736514b138
service discovery: 0x736514b138
service discovery: 0x736514b138
service discovery: 0x736514b138
--- Service discovery completed (bta_gattc_disc_cmpl) ---
Serve [0]
  handle: 0x28 | UUID: f000ffd0-0451-4000-b000-000000000000
  type: main service | end handle: 0xffff
  Eigenvalue [0]
    declare handle: 0x29 | UUID: f000ffd1-0451-4000-b000-000000000000
    value handle: 0x2a | property: 0xc
    descriptor [0]
      handle: 0x2b | UUID: 00002901-0000-1000-8000-00805f9b34fb
Serve [1]
  handle: 0x17 | UUID: 00001000-0000-1000-8000-00805f9b34fb
  type: main service | end handle: 0x27
  Eigenvalue [0]
    declare handle: 0x18 | UUID: 00001001-0000-1000-8000-00805f9b34fb
    value handle: 0x19 | property: 0xe
    descriptor [0]
      handle: 0x1a | UUID: 00002901-0000-1000-8000-00805f9b34fb
  Eigenvalue [1]
    declare handle: 0x1b | UUID: 00001002-0000-1000-8000-00805f9b34fb
    value handle: 0x1c | property: 0x12
    descriptor [0]
      handle: 0x1d | UUID: 00002902-0000-1000-8000-00805f9b34fb
    descriptor [1]
      handle: 0x1e | UUID: 00002901-0000-1000-8000-00805f9b34fb
  Eigenvalue [2]
    declare handle: 0x1f | UUID: 00001003-0000-1000-8000-00805f9b34fb
    value handle: 0x20 | property: 0x8
    descriptor [0]
      handle: 0x21 | UUID: 00002901-0000-1000-8000-00805f9b34fb
  Eigenvalue [3]
    declare handle: 0x22 | UUID: 00001004-0000-1000-8000-00805f9b34fb
    value handle: 0x23 | property: 0x2
    descriptor [0]
      handle: 0x24 | UUID: 00002901-0000-1000-8000-00805f9b34fb
  Eigenvalue [4]
    declare handle: 0x25 | UUID: 00001005-0000-1000-8000-00805f9b34fb
    value handle: 0x26 | property: 0xa
    descriptor [0]
      handle: 0x27 | UUID: 00002901-0000-1000-8000-00805f9b34fb
Serve [2]
  handle: 0x1 | UUID: 02362aff-cf3a-11e1-efde-0002a5d5c51b
  type: main service | end handle: 0x16
  Eigenvalue [0]
    declare handle: 0x2 | UUID: 02362a10-cf3a-11e1-efde-0002a5d5c51b
    value handle: 0x3 | property: 0x4
    descriptor [0]
      handle: 0x4 | UUID: 00002901-0000-1000-8000-00805f9b34fb
  Eigenvalue [1]
    declare handle: 0x5 | UUID: 02362a11-cf3a-11e1-efde-0002a5d5c51b
    value handle: 0x6 | property: 0x10
    descriptor [0]
      handle: 0x7 | UUID: 00002902-0000-1000-8000-00805f9b34fb
    descriptor [1]
      handle: 0x8 | UUID: 00002901-0000-1000-8000-00805f9b34fb
  Eigenvalue [2]
    declare handle: 0x9 | UUID: 02362a12-cf3a-11e1-efde-0002a5d5c51b
    value handle: 0xa | property: 0x4
    descriptor [0]
      handle: 0xb | UUID: 00002901-0000-1000-8000-00805f9b34fb
  Eigenvalue [3]
    declare handle: 0xc | UUID: 02362a13-cf3a-11e1-efde-0002a5d5c51b
    value handle: 0xd | property: 0x10
    descriptor [0]
      handle: 0xe | UUID: 00002902-0000-1000-8000-00805f9b34fb
    descriptor [1]
      handle: 0xf | UUID: 00002901-0000-1000-8000-00805f9b34fb
  Eigenvalue [4]
    declare handle: 0x10 | UUID: 02362a20-cf3a-11e1-efde-0002a5d5c51b
    value handle: 0x11 | property: 0x4
    descriptor [0]
      handle: 0x12 | UUID: 00002901-0000-1000-8000-00805f9b34fb
  Eigenvalue [5]
    declare handle: 0x13 | UUID: 02362a21-cf3a-11e1-efde-0002a5d5c51b
    value handle: 0x14 | property: 0x10
    descriptor [0]
      handle: 0x15 | UUID: 00002902-0000-1000-8000-00805f9b34fb
    descriptor [1]
      handle: 0x16 | UUID: 00002901-0000-1000-8000-00805f9b34fb
Total number of services discovered: 3
[MTU Configuration] connectID: 0x107, currentMTU: 243
[MTU Configuration] return value: 0

[GATTC write operation]
connect ID: 0x107 (263)
type: GATT_WRITE (2)
data structure:
{
    connectID: 0x107,
    handle: 0x7,
    offset: 0x0,
    length: 2,
    Authentication request: 0x0,
    data: [01 00]
}
[security check] Parameter address: 0x736514b138
GATT Security Cls: 0x736514b138
[security check] return value: 1
[security check] return value: reject
[GATTC write operation] return value: 0x0

[GATTC write operation]
connect ID: 0x107 (263)
type: GATT_WRITE (2)
data structure:
{
    connectID: 0x107,
    handle: 0xe,
    offset: 0x0,
    length: 2,
    Authentication request: 0x0,
    data: [01 00]
}
[security check] Parameter address: 0x736514b138
GATT Security Cls: 0x736514b138
[security check] return value: 1
[security check] return value: reject
[GATTC write operation] return value: 0x0

[GATTC write operation]
connect ID: 0x107 (263)
type: GATT_WRITE_NO_RSP (1)
data structure:
{
    connectID: 0x107,
    handle: 0x3,
    offset: 0x0,
    length: 41,
    Authentication request: 0x0,
    data: [fe 06 00 29 01 01 01 17 54 54 db 20 83 a7 94 38 ca fb 4f 04 23 e0 f7 82 d7 63 6d 62 04 13 86 3a b3 8e a4 0e b4 36 79 c6 68]
}
[security check] Parameter address: 0x736514b138
GATT Security Cls: 0x736514b138
[security check] return value: 1
[security check] return value: reject
[GATTC write operation] return value: 0x0

[Bluetooth GATT notify]
aisle ID: 0x4, opcode: 0x1b, total length: 27 bytes
data block #1
handle: 0x0006
Data length: 25 bytes
Data content: FE 06 00 19 01 02 02 1D BE 4D 09 43 46 8B BD F9 FA A4 63 A2 A3 EE 53 E6 66

[GATTC write operation]
connect ID: 0x107 (263)
type: GATT_WRITE_NO_RSP (1)
data structure:
{
    connectID: 0x107,
    handle: 0x3,
    offset: 0x0,
    length: 240,
    Authentication request: 0x0,
    data: [fe 06 04 ec 01 03 01 29 eb 68 20 96 9f 2d 2d 2d 2d 2d 42 45 47 49 4e 20 43 45 52 54 49 46 49 43 41 54 45 2d 2d 2d 2d 2d 0a 4d 49 49 44 61 6a 43 43 41 78 47 67 41 77 49 42 41 67 49 51 51 52 76 4c 54 53 6b 4b 51 37 31 70 73 65 7a 42 37 39 34 69 56 6a 41 4b 42 67 67 71 68 6b 6a 4f 50 51 51 44 41 6a 43 42 6c 7a 45 4c 0a 4d 41 6b 47 41 31 55 45 42 68 4d 43 51 30 34 78 45 54 41 50 42 67 4e 56 42 41 67 54 43 46 70 6f 5a 57 70 70 59 57 35 6e 4d 52 45 77 44 77 59 44 56 51 51 48 45 77 68 49 59 57 35 6e 65 6d 68 76 0a 64 54 45 6d 4d 43 51 47 41 31 55 45 43 68 4d 64 52 32 56 6c 62 48 6b 67 51 58 56 30 62 32 31 76 59 6d 6c 73 5a 53 42 49 62 32 78 6b 61 57 35 6e 63 79 42 4d 64 47 51 78 47 7a 41 5a 42 67 4e 56 0a 42 41 73 54]
}
[security check] Parameter address: 0x736514b138
GATT Security Cls: 0x736514b138
[security check] return value: 1
[security check] return value: reject
[GATTC write operation] return value: 0x0

[GATTC write operation]
connect ID: 0x107 (263)
type: GATT_WRITE_NO_RSP (1)
data structure:
{
    connectID: 0x107,
    handle: 0x3,
    offset: 0x0,
    length: 240,
    Authentication request: 0x0,
    data: [00 01 00 05 45 6b 64 6c 5a 57 78 35 49 46 52 79 64 58 4e 30 49 45 4e 6c 62 6e 52 6c 63 6a 45 64 4d 42 73 47 41 31 55 45 41 78 4d 55 54 57 39 69 61 57 78 6c 49 45 6c 7a 63 33 56 70 62 6d 63 67 0a 51 30 34 74 51 30 45 77 48 68 63 4e 4d 6a 55 77 4e 54 41 79 4d 54 4d 31 4f 54 41 77 57 68 63 4e 4d 7a 41 77 4e 54 41 78 4d 54 4d 31 4f 54 41 77 57 6a 43 42 35 6a 45 4c 4d 41 6b 47 41 31 55 45 0a 42 68 4d 43 51 30 34 78 45 54 41 50 42 67 4e 56 42 41 67 4d 43 48 70 6f 5a 57 70 70 59 57 35 6e 4d 52 45 77 44 77 59 44 56 51 51 48 44 41 68 49 59 57 35 6e 65 6d 68 76 64 54 45 53 4d 42 41 47 0a 41 31 55 45 43 77 77 4a 51 32 78 76 64 57 52 45 5a 58 42 30 4d 57 4d 77 59 51 59 4b 43 5a 49 6d 69 5a 50 79 4c 47 51 42 41 51 78 54 51]
}
[security check] Parameter address: 0x736514b138
GATT Security Cls: 0x736514b138
[security check] return value: 1
[security check] return value: reject
[GATTC write operation] return value: 0x0

[GATTC write operation]
connect ID: 0x107 (263)
type: GATT_WRITE_NO_RSP (1)
data structure:
{
    connectID: 0x107,
    handle: 0x3,
    offset: 0x0,
    length: 240,
    Authentication request: 0x0,
    data: [00 02 00 05 6b 52 42 52 44 59 32 4d 7a 49 31 52 44 68 43 4e 54 64 47 0a 4d 30 46 42 4d 7a 67 7a 4f 45 49 33 4e 45 56 42 52 54 52 46 4e 55 4a 44 4d 55 55 7a 51 54 6b 30 51 7a 5a 42 4e 6a 6b 79 4e 6b 52 44 4e 6a 64 44 4e 44 4d 33 52 54 64 43 4d 54 68 47 52 54 41 34 0a 4e 7a 59 32 4f 44 41 34 4e 44 59 33 4d 7a 6b 33 4d 6a 49 33 4f 54 67 30 4e 44 49 78 44 6a 41 4d 42 67 4e 56 42 41 6f 4d 42 55 56 44 51 56 4a 59 4d 52 45 77 44 77 59 44 56 51 51 44 44 41 67 30 0a 4e 6a 63 30 59 54 41 77 4e 7a 45 56 4d 42 4d 47 43 67 6d 53 4a 6f 6d 54 38 69 78 6b 41 52 6b 57 42 55 64 6c 5a 57 78 35 4d 46 6b 77 45 77 59 48 4b 6f 5a 49 7a 6a 30 43 41 51 59 49 4b 6f 5a 49 0a 7a 6a 30 44 41 51 63 44 51 67 41 45 53 58 53 50 44 53 69 69 41]
}
[security check] Parameter address: 0x736514b138
GATT Security Cls: 0x736514b138
[security check] return value: 1
[security check] return value: reject
[GATTC write operation] return value: 0x0

[GATTC write operation]
connect ID: 0x107 (263)
type: GATT_WRITE_NO_RSP (1)
data structure:
{
    connectID: 0x107,
    handle: 0x3,
    offset: 0x0,
    length: 240,
    Authentication request: 0x0,
    data: [00 03 00 05 4f 64 58 6c 63 49 34 4d 6a 75 4f 6f 64 39 55 73 54 2b 2f 39 68 72 48 2f 57 48 2b 35 42 73 31 61 4d 69 66 71 76 4c 2f 37 51 74 65 0a 57 68 54 43 33 53 68 72 58 51 61 6e 48 45 45 2f 78 76 2b 7a 72 6d 35 2b 5a 30 2f 56 56 68 36 73 61 36 4f 42 37 54 43 42 36 6a 41 66 42 67 4e 56 48 53 4d 45 47 44 41 57 67 42 53 48 67 78 56 73 0a 79 75 34 72 31 59 59 4f 49 45 38 47 50 6e 6f 64 33 4d 72 39 64 6a 41 64 42 67 4e 56 48 51 34 45 46 67 51 55 39 46 4c 4a 56 61 38 71 62 68 4d 78 67 6b 64 46 51 77 53 38 35 77 75 4f 68 74 38 77 0a 4f 67 59 49 4b 77 59 42 42 51 55 48 41 51 45 45 4c 6a 41 73 4d 43 6f 47 43 43 73 47 41 51 55 46 42 7a 41 42 68 68 35 6f 64 48 52 77 4f 69 38 76 63 47 74 70 4c 57 39 6a 63 33 41 75 5a 32]
}
[security check] Parameter address: 0x736514b138
GATT Security Cls: 0x736514b138
[security check] return value: 1
[security check] return value: reject
[GATTC write operation] return value: 0x0

[GATTC write operation]
connect ID: 0x107 (263)
type: GATT_WRITE_NO_RSP (1)
data structure:
{
    connectID: 0x107,
    handle: 0x3,
    offset: 0x0,
    length: 240,
    Authentication request: 0x0,
    data: [00 04 00 05 56 6c 0a 62 48 6b 75 59 32 39 74 4f 6a 49 31 4e 6a 41 77 43 51 59 44 56 52 30 54 42 41 49 77 41 44 41 4f 42 67 4e 56 48 51 38 42 41 66 38 45 42 41 4d 43 41 36 67 77 48 51 59 44 56 52 30 6c 42 42 59 77 0a 46 41 59 49 4b 77 59 42 42 51 55 48 41 77 45 47 43 43 73 47 41 51 55 46 42 77 4d 43 4d 42 6f 47 41 31 45 42 41 51 51 54 4e 6a 59 34 4d 44 67 30 4e 6a 63 7a 4f 54 63 79 4d 6a 63 35 4f 44 51 30 0a 4d 6a 41 4b 42 67 4e 52 41 51 49 45 41 32 46 69 59 7a 41 4b 42 67 4e 52 41 51 4d 45 41 7a 45 79 4d 7a 41 4b 42 67 67 71 68 6b 6a 4f 50 51 51 44 41 67 4e 48 41 44 42 45 41 69 42 4b 44 79 43 4f 0a 6c 64 76 4a 51 73 64 4f 74 51 6c 47 73 54 4d 47 42 69 35 30 6b 35 56 55 45 75 67 36 52 79 6b 4b 38 6d 4a 66 33 41]
}
[security check] Parameter address: 0x736514b138
GATT Security Cls: 0x736514b138
[security check] return value: 1
[security check] return value: reject
[GATTC write operation] return value: 0x0

[GATTC write operation]
connect ID: 0x107 (263)
type: GATT_WRITE_NO_RSP (1)
data structure:
{
    connectID: 0x107,
    handle: 0x3,
    offset: 0x0,
    length: 80,
    Authentication request: 0x0,
    data: [00 05 00 05 49 67 51 49 76 62 36 78 51 53 53 4e 43 65 73 64 61 44 51 6f 70 51 54 44 53 32 0a 68 55 63 36 7a 49 71 63 75 62 59 4e 51 4a 6c 53 66 64 67 3d 0a 2d 2d 2d 2d 2d 45 4e 44 20 43 45 52 54 49 46 49 43 41 54 45 2d 2d 2d 2d 2d 0a d9 c2]
}
[security check] Parameter address: 0x736514b138
GATT Security Cls: 0x736514b138
[security check] return value: 1
[security check] return value: reject
[GATTC write operation] return value: 0x0

[Bluetooth GATT notify]
aisle ID: 0x4, opcode: 0x1b, total length: 242 bytes
data block #1
handle: 0x0006
Data length: 240 bytes
Data content: FE 06 04 87 01 04 02 29 EB 68 20 96 96 2D 2D 2D 2D 2D 42 45 47 49 4E 20 43 45 52 54 49 46 49 43 41 54 45 2D 2D 2D 2D 2D 0A 4D 49 49 44 48 6A 43 43 41 73 53 67 41 77 49 42 41 67 49 51 4D 4A 55 43 73 59 4A 2B 4F 4F 36 37 6E 56 45 7A 57 42 55 66 5A 6A 41 4B 42 67 67 71 68 6B 6A 4F 50 51 51 44 41 6A 43 42 6C 44 45 4C 0A 4D 41 6B 47 41 31 55 45 42 68 4D 43 51 30 34 78 45 54 41 50 42 67 4E 56 42 41 67 54 43 46 70 6F 5A 57 70 70 59 57 35 6E 4D 52 45 77 44 77 59 44 56 51 51 48 45 77 68 49 59 57 35 6E 65 6D 68 76 0A 64 54 45 6D 4D 43 51 47 41 31 55 45 43 68 4D 64 52 32 56 6C 62 48 6B 67 51 58 56 30 62 32 31 76 59 6D 6C 73 5A 53 42 49 62 32 78 6B 61 57 35 6E 63 79 42 4D 64 47 51 78 47 7A 41 5A 42 67 4E 56 0A 42 41 73 54

[Bluetooth GATT notify]
aisle ID: 0x4, opcode: 0x1b, total length: 242 bytes
data block #1
handle: 0x0006
Data length: 240 bytes
Data content: 00 01 00 04 45 6B 64 6C 5A 57 78 35 49 46 52 79 64 58 4E 30 49 45 4E 6C 62 6E 52 6C 63 6A 45 61 4D 42 67 47 41 31 55 45 41 78 4D 52 52 55 4E 56 49 45 6C 7A 63 33 56 70 62 6D 63 67 51 30 34 74 0A 51 30 45 77 48 68 63 4E 4D 6A 51 77 4E 44 45 78 4D 44 59 31 4D 7A 55 77 57 68 63 4E 4E 44 51 77 4E 44 41 32 4D 44 59 31 4D 7A 55 77 57 6A 43 42 32 6A 45 4C 4D 41 6B 47 41 31 55 45 42 68 4D 43 0A 51 30 34 78 45 54 41 50 42 67 4E 56 42 41 67 4D 43 46 70 6F 5A 57 70 70 59 57 35 6E 4D 52 41 77 44 67 59 44 56 51 51 48 44 41 63 77 4D 44 41 77 4D 44 41 77 4D 51 38 77 44 51 59 44 56 51 51 4C 0A 44 41 59 77 4D 44 41 77 4D 44 41 78 46 44 41 53 42 67 6F 4A 6B 69 61 4A 6B 2F 49 73 5A 41 45 42 44 41 52 55 51 30 46 4E 4D 51 30 77 43

[Bluetooth GATT notify]
aisle ID: 0x4, opcode: 0x1b, total length: 242 bytes
data block #1
handle: 0x0006
Data length: 240 bytes
Data content: 00 02 00 04 77 59 44 56 51 51 4B 44 41 51 77 4D 44 41 77 4D 52 6F 77 0A 47 41 59 44 56 51 51 44 44 42 46 4D 4E 6C 51 33 4F 56 41 30 54 6A 46 51 56 6A 41 77 4D 44 49 31 4D 6A 45 58 4D 42 55 47 43 67 6D 53 4A 6F 6D 54 38 69 78 6B 41 52 6B 57 42 30 64 46 52 55 45 79 0A 4C 6A 41 78 48 44 41 61 42 67 6F 4A 6B 69 61 4A 6B 2F 49 73 5A 41 45 5A 46 67 78 48 57 54 56 48 53 44 63 31 4D 30 51 78 52 56 55 78 48 54 41 62 42 67 6F 4A 6B 69 61 4A 6B 2F 49 73 5A 41 45 5A 0A 46 67 31 6A 62 32 35 75 5A 57 4E 30 5A 57 51 67 59 32 46 79 4D 46 6B 77 45 77 59 48 4B 6F 5A 49 7A 6A 30 43 41 51 59 49 4B 6F 5A 49 7A 6A 30 44 41 51 63 44 51 67 41 45 73 4F 72 72 70 5A 53 62 0A 75 4D 53 4E 2B 56 73 34 55 79 54 4D 48 4E 4F 59 71 65 79 78 65

[Bluetooth GATT notify]
aisle ID: 0x4, opcode: 0x1b, total length: 242 bytes
data block #1
handle: 0x0006
Data length: 240 bytes
Data content: 00 03 00 04 58 33 4A 37 62 34 69 78 73 6A 49 33 37 68 72 4D 39 38 4F 2F 41 6D 6B 5A 72 62 68 52 50 78 51 5A 43 64 76 39 4D 74 4D 50 4C 67 6C 0A 33 68 49 62 4E 79 58 4D 66 39 43 62 76 71 4F 42 72 7A 43 42 72 44 41 66 42 67 4E 56 48 53 4D 45 47 44 41 57 67 42 54 35 47 74 35 6D 6F 37 6E 73 62 34 37 56 48 66 78 57 48 74 34 6E 52 46 45 66 0A 62 54 41 64 42 67 4E 56 48 51 34 45 46 67 51 55 58 6A 4C 68 58 6B 33 56 58 6D 41 6B 34 39 59 55 6E 46 4B 35 52 67 63 4A 66 7A 4D 77 4F 67 59 49 4B 77 59 42 42 51 55 48 41 51 45 45 4C 6A 41 73 0A 4D 43 6F 47 43 43 73 47 41 51 55 46 42 7A 41 42 68 68 35 6F 64 48 52 77 4F 69 38 76 63 47 74 70 4C 57 39 6A 63 33 41 75 5A 32 56 6C 62 48 6B 75 59 32 39 74 4F 6A 49 31 4E 6A 41 77 43 51

[Bluetooth GATT notify]
aisle ID: 0x4, opcode: 0x1b, total length: 217 bytes
data block #1
handle: 0x0006
Data length: 215 bytes
Data content: 00 04 00 04 59 44 0A 56 52 30 54 42 41 49 77 41 44 41 4F 42 67 4E 56 48 51 38 42 41 66 38 45 42 41 4D 43 41 36 67 77 45 77 59 44 56 52 30 6C 42 41 77 77 43 67 59 49 4B 77 59 42 42 51 55 48 41 77 49 77 43 67 59 49 0A 4B 6F 5A 49 7A 6A 30 45 41 77 49 44 53 41 41 77 52 51 49 68 41 4A 69 39 63 31 36 57 61 34 30 69 6B 54 53 6F 4C 58 53 46 6E 36 79 37 4A 36 31 45 62 2F 53 76 72 50 42 31 66 4F 6E 6B 4B 56 58 53 0A 41 69 42 33 55 62 71 4F 33 50 72 69 76 36 77 41 6E 38 35 50 2F 61 70 49 63 54 2B 47 33 57 63 79 57 4D 5A 68 69 4B 72 43 4E 53 66 62 51 41 3D 3D 0A 2D 2D 2D 2D 2D 45 4E 44 20 43 45 52 54 49 46 49 43 41 54 45 2D 2D 2D 2D 2D 0A 00 91 93

[GATTC write operation]
connect ID: 0x107 (263)
type: GATT_WRITE_NO_RSP (1)
data structure:
{
    connectID: 0x107,
    handle: 0x3,
    offset: 0x0,
    length: 240,
    Authentication request: 0x0,
    data: [fe 06 04 ec 01 03 01 29 eb 68 20 96 9f 2d 2d 2d 2d 2d 42 45 47 49 4e 20 43 45 52 54 49 46 49 43 41 54 45 2d 2d 2d 2d 2d 0a 4d 49 49 44 61 6a 43 43 41 78 47 67 41 77 49 42 41 67 49 51 51 52 76 4c 54 53 6b 4b 51 37 31 70 73 65 7a 42 37 39 34 69 56 6a 41 4b 42 67 67 71 68 6b 6a 4f 50 51 51 44 41 6a 43 42 6c 7a 45 4c 0a 4d 41 6b 47 41 31 55 45 42 68 4d 43 51 30 34 78 45 54 41 50 42 67 4e 56 42 41 67 54 43 46 70 6f 5a 57 70 70 59 57 35 6e 4d 52 45 77 44 77 59 44 56 51 51 48 45 77 68 49 59 57 35 6e 65 6d 68 76 0a 64 54 45 6d 4d 43 51 47 41 31 55 45 43 68 4d 64 52 32 56 6c 62 48 6b 67 51 58 56 30 62 32 31 76 59 6d 6c 73 5a 53 42 49 62 32 78 6b 61 57 35 6e 63 79 42 4d 64 47 51 78 47 7a 41 5a 42 67 4e 56 0a 42 41 73 54]
}
[security check] Parameter address: 0x736514b138
GATT Security Cls: 0x736514b138
[security check] return value: 1
[security check] return value: reject
[GATTC write operation] return value: 0x0

[GATTC write operation]
connect ID: 0x107 (263)
type: GATT_WRITE_NO_RSP (1)
data structure:
{
    connectID: 0x107,
    handle: 0x3,
    offset: 0x0,
    length: 182,
    Authentication request: 0x0,
    data: [fe 06 00 b6 01 06 01 29 ec 68 20 96 a2 8b f5 dd ee b0 0c df 1f bf eb a9 b8 1e b0 2a 07 22 b9 5b 69 cd 24 28 a5 67 e0 14 01 b0 c6 b7 ff 43 39 db 8a 1e ff 03 5b 06 b7 13 f4 77 de f6 c5 aa 5b 71 c5 9b cf 20 60 d9 0d d0 27 4f 8e 1f 26 42 7f 87 09 78 66 6c f9 86 9b 4e 4c c7 cd ea 6b 00 cf bb f8 bb 54 0d b7 53 ad 5c 1e d1 b2 40 b7 30 45 02 20 50 5f 5f b1 af 53 0f 4e 25 56 62 7f 9b f6 2e 47 49 52 fb a5 20 15 ee b7 5b f9 8e a3 1f cb 33 48 02 21 00 a3 2f ba 08 fe be ef 2d 83 d2 24 36 57 fd 12 fb ab 24 eb d7 69 97 33 c5 1d fd 12 df 3d b9 71 11 07 c0]
}
[security check] Parameter address: 0x736514b138
GATT Security Cls: 0x736514b138
[security check] return value: 1
[security check] return value: reject
[GATTC write operation] return value: 0x0

[GATTC write operation]
connect ID: 0x107 (263)
type: GATT_WRITE_NO_RSP (1)
data structure:
{
    connectID: 0x107,
    handle: 0x3,
    offset: 0x0,
    length: 182,
    Authentication request: 0x0,
    data: [fe 06 00 b6 01 06 01 29 ec 68 20 96 a2 8b f5 dd ee b0 0c df 1f bf eb a9 b8 1e b0 2a 07 22 b9 5b 69 cd 24 28 a5 67 e0 14 01 b0 c6 b7 ff 43 39 db 8a 1e ff 03 5b 06 b7 13 f4 77 de f6 c5 aa 5b 71 c5 9b cf 20 60 d9 0d d0 27 4f 8e 1f 26 42 7f 87 09 78 66 6c f9 86 9b 4e 4c c7 cd ea 6b 00 cf bb f8 bb 54 0d b7 53 ad 5c 1e d1 b2 40 b7 30 45 02 20 50 5f 5f b1 af 53 0f 4e 25 56 62 7f 9b f6 2e 47 49 52 fb a5 20 15 ee b7 5b f9 8e a3 1f cb 33 48 02 21 00 a3 2f ba 08 fe be ef 2d 83 d2 24 36 57 fd 12 fb ab 24 eb d7 69 97 33 c5 1d fd 12 df 3d b9 71 11 07 c0]
}
[security check] Parameter address: 0x736514b138
GATT Security Cls: 0x736514b138
[security check] return value: 1
[security check] return value: reject
[GATTC write operation] return value: 0x0

[GATTC write operation]
connect ID: 0x107 (263)
type: GATT_WRITE_NO_RSP (1)
data structure:
{
    connectID: 0x107,
    handle: 0xa,
    offset: 0x0,
    length: 16,
    Authentication request: 0x0,
    data: [fe 06 00 10 01 51 01 29 ed 68 20 96 b2 a0 e0 92]
}
[security check] Parameter address: 0x736514b138
GATT Security Cls: 0x736514b138
[security check] return value: 1
[security check] return value: reject
[GATTC write operation] return value: 0x0

[GATTC write operation]
connect ID: 0x107 (263)
type: GATT_WRITE_NO_RSP (1)
data structure:
{
    connectID: 0x107,
    handle: 0xa,
    offset: 0x0,
    length: 16,
    Authentication request: 0x0,
    data: [fe 06 00 10 01 51 01 29 ed 68 20 96 b2 a0 e0 92]
}
[security check] Parameter address: 0x736514b138
GATT Security Cls: 0x736514b138
[security check] return value: 1
[security check] return value: reject
[GATTC write operation] return value: 0x0

[GATTC write operation]
connect ID: 0x107 (263)
type: GATT_WRITE_NO_RSP (1)
data structure:
{
    connectID: 0x107,
    handle: 0x3,
    offset: 0x0,
    length: 240,
    Authentication request: 0x0,
    data: [00 01 00 05 45 6b 64 6c 5a 57 78 35 49 46 52 79 64 58 4e 30 49 45 4e 6c 62 6e 52 6c 63 6a 45 64 4d 42 73 47 41 31 55 45 41 78 4d 55 54 57 39 69 61 57 78 6c 49 45 6c 7a 63 33 56 70 62 6d 63 67 0a 51 30 34 74 51 30 45 77 48 68 63 4e 4d 6a 55 77 4e 54 41 79 4d 54 4d 31 4f 54 41 77 57 68 63 4e 4d 7a 41 77 4e 54 41 78 4d 54 4d 31 4f 54 41 77 57 6a 43 42 35 6a 45 4c 4d 41 6b 47 41 31 55 45 0a 42 68 4d 43 51 30 34 78 45 54 41 50 42 67 4e 56 42 41 67 4d 43 48 70 6f 5a 57 70 70 59 57 35 6e 4d 52 45 77 44 77 59 44 56 51 51 48 44 41 68 49 59 57 35 6e 65 6d 68 76 64 54 45 53 4d 42 41 47 0a 41 31 55 45 43 77 77 4a 51 32 78 76 64 57 52 45 5a 58 42 30 4d 57 4d 77 59 51 59 4b 43 5a 49 6d 69 5a 50 79 4c 47 51 42 41 51 78 54 51]
}
[security check] Parameter address: 0x736514b138
GATT Security Cls: 0x736514b138
[security check] return value: 1
[security check] return value: reject
[GATTC write operation] return value: 0x0

[GATTC write operation]
connect ID: 0x107 (263)
type: GATT_WRITE_NO_RSP (1)
data structure:
{
    connectID: 0x107,
    handle: 0x3,
    offset: 0x0,
    length: 240,
    Authentication request: 0x0,
    data: [00 02 00 05 6b 52 42 52 44 59 32 4d 7a 49 31 52 44 68 43 4e 54 64 47 0a 4d 30 46 42 4d 7a 67 7a 4f 45 49 33 4e 45 56 42 52 54 52 46 4e 55 4a 44 4d 55 55 7a 51 54 6b 30 51 7a 5a 42 4e 6a 6b 79 4e 6b 52 44 4e 6a 64 44 4e 44 4d 33 52 54 64 43 4d 54 68 47 52 54 41 34 0a 4e 7a 59 32 4f 44 41 34 4e 44 59 33 4d 7a 6b 33 4d 6a 49 33 4f 54 67 30 4e 44 49 78 44 6a 41 4d 42 67 4e 56 42 41 6f 4d 42 55 56 44 51 56 4a 59 4d 52 45 77 44 77 59 44 56 51 51 44 44 41 67 30 0a 4e 6a 63 30 59 54 41 77 4e 7a 45 56 4d 42 4d 47 43 67 6d 53 4a 6f 6d 54 38 69 78 6b 41 52 6b 57 42 55 64 6c 5a 57 78 35 4d 46 6b 77 45 77 59 48 4b 6f 5a 49 7a 6a 30 43 41 51 59 49 4b 6f 5a 49 0a 7a 6a 30 44 41 51 63 44 51 67 41 45 53 58 53 50 44 53 69 69 41]
}
[security check] Parameter address: 0x736514b138
GATT Security Cls: 0x736514b138
[security check] return value: 1
[security check] return value: reject
[GATTC write operation] return value: 0x0

[GATTC write operation]
connect ID: 0x107 (263)
type: GATT_WRITE_NO_RSP (1)
data structure:
{
    connectID: 0x107,
    handle: 0x3,
    offset: 0x0,
    length: 240,
    Authentication request: 0x0,
    data: [00 03 00 05 4f 64 58 6c 63 49 34 4d 6a 75 4f 6f 64 39 55 73 54 2b 2f 39 68 72 48 2f 57 48 2b 35 42 73 31 61 4d 69 66 71 76 4c 2f 37 51 74 65 0a 57 68 54 43 33 53 68 72 58 51 61 6e 48 45 45 2f 78 76 2b 7a 72 6d 35 2b 5a 30 2f 56 56 68 36 73 61 36 4f 42 37 54 43 42 36 6a 41 66 42 67 4e 56 48 53 4d 45 47 44 41 57 67 42 53 48 67 78 56 73 0a 79 75 34 72 31 59 59 4f 49 45 38 47 50 6e 6f 64 33 4d 72 39 64 6a 41 64 42 67 4e 56 48 51 34 45 46 67 51 55 39 46 4c 4a 56 61 38 71 62 68 4d 78 67 6b 64 46 51 77 53 38 35 77 75 4f 68 74 38 77 0a 4f 67 59 49 4b 77 59 42 42 51 55 48 41 51 45 45 4c 6a 41 73 4d 43 6f 47 43 43 73 47 41 51 55 46 42 7a 41 42 68 68 35 6f 64 48 52 77 4f 69 38 76 63 47 74 70 4c 57 39 6a 63 33 41 75 5a 32]
}
[security check] Parameter address: 0x736514b138
GATT Security Cls: 0x736514b138
[security check] return value: 1
[security check] return value: reject
[GATTC write operation] return value: 0x0

[GATTC write operation]
connect ID: 0x107 (263)
type: GATT_WRITE_NO_RSP (1)
data structure:
{
    connectID: 0x107,
    handle: 0x3,
    offset: 0x0,
    length: 240,
    Authentication request: 0x0,
    data: [00 04 00 05 56 6c 0a 62 48 6b 75 59 32 39 74 4f 6a 49 31 4e 6a 41 77 43 51 59 44 56 52 30 54 42 41 49 77 41 44 41 4f 42 67 4e 56 48 51 38 42 41 66 38 45 42 41 4d 43 41 36 67 77 48 51 59 44 56 52 30 6c 42 42 59 77 0a 46 41 59 49 4b 77 59 42 42 51 55 48 41 77 45 47 43 43 73 47 41 51 55 46 42 77 4d 43 4d 42 6f 47 41 31 45 42 41 51 51 54 4e 6a 59 34 4d 44 67 30 4e 6a 63 7a 4f 54 63 79 4d 6a 63 35 4f 44 51 30 0a 4d 6a 41 4b 42 67 4e 52 41 51 49 45 41 32 46 69 59 7a 41 4b 42 67 4e 52 41 51 4d 45 41 7a 45 79 4d 7a 41 4b 42 67 67 71 68 6b 6a 4f 50 51 51 44 41 67 4e 48 41 44 42 45 41 69 42 4b 44 79 43 4f 0a 6c 64 76 4a 51 73 64 4f 74 51 6c 47 73 54 4d 47 42 69 35 30 6b 35 56 55 45 75 67 36 52 79 6b 4b 38 6d 4a 66 33 41]
}
[security check] Parameter address: 0x736514b138
GATT Security Cls: 0x736514b138
[security check] return value: 1
[security check] return value: reject
[GATTC write operation] return value: 0x0

[GATTC write operation]
connect ID: 0x107 (263)
type: GATT_WRITE_NO_RSP (1)
data structure:
{
    connectID: 0x107,
    handle: 0x3,
    offset: 0x0,
    length: 80,
    Authentication request: 0x0,
    data: [00 05 00 05 49 67 51 49 76 62 36 78 51 53 53 4e 43 65 73 64 61 44 51 6f 70 51 54 44 53 32 0a 68 55 63 36 7a 49 71 63 75 62 59 4e 51 4a 6c 53 66 64 67 3d 0a 2d 2d 2d 2d 2d 45 4e 44 20 43 45 52 54 49 46 49 43 41 54 45 2d 2d 2d 2d 2d 0a d9 c2]
}
[security check] Parameter address: 0x736514b138
GATT Security Cls: 0x736514b138
[security check] return value: 1
[security check] return value: reject
[GATTC write operation] return value: 0x0

[GATTC write operation]
connect ID: 0x107 (263)
type: GATT_WRITE_NO_RSP (1)
data structure:
{
    connectID: 0x107,
    handle: 0xa,
    offset: 0x0,
    length: 16,
    Authentication request: 0x0,
    data: [fe 06 00 10 01 51 01 29 ed 68 20 96 b2 a0 e0 92]
}
[security check] Parameter address: 0x736514b138
GATT Security Cls: 0x736514b138
[security check] return value: 1
[security check] return value: reject
[GATTC write operation] return value: 0x0

[Bluetooth GATT notify]
aisle ID: 0x4, opcode: 0x1b, total length: 36 bytes
data block #1
handle: 0x000d
Data length: 34 bytes
Data content: FE 06 00 22 01 52 02 90 92 CF AA 16 2E 54 7C 30 94 70 05 11 1F 52 95 0F 97 70 5F 00 B4 B7 69 0F 28 BE

[Remote::com.android.bluetooth ]-> 
[Remote::com.android.bluetooth ]-> Process terminated

Thank you for using Frida!
