     ____
    / _  |   Frida 16.5.7 - A world-class dynamic instrumentation toolkit
   | (_| |
    > _  |   Commands:
   /_/ |_|       help      -> Displays the help system
   . . . .       object?   -> Display information about 'object'
   . . . .       exit/quit -> Exit
   . . . .
   . . . .   More info at https://frida.re/docs/home/
   . . . .
   . . . .   Connected to 127.0.0.1:12346 (id=socket@127.0.0.1:12346)
Attaching...
[*] Loading Bluetooth protocol stack synthesis Hook script...
[+] base address: 0x76b0729000
[*] allHookLoaded successfully！
[Remote::com.android.bluetooth ]-> service discovery: 0x76b0fd4138
[MTU Configuration] connectID: 0x8, currentMTU: 256
[MTU Configuration] return value: 0
service discovery: 0x76b0fd4138
service discovery: 0x76b0fd4138
service discovery: 0x76b0fd4138
service discovery: 0x76b0fd4138
service discovery: 0x76b0fd4138
service discovery: 0x76b0fd4138
service discovery: 0x76b0fd4138
service discovery: 0x76b0fd4138
service discovery: 0x76b0fd4138
service discovery: 0x76b0fd4138
service discovery: 0x76b0fd4138
--- Service discovery completed (bta_gattc_disc_cmpl) ---
Serve [0]
  handle: 0x6 | UUID: 0000fcd1-0000-1000-8000-00805f9b34fb
  type: main service | end handle: 0xb
  Eigenvalue [0]
    declare handle: 0x7 | UUID: 0000fff1-0000-1000-8000-00805f9b34fb
    value handle: 0x8 | property: 0xc
  Eigenvalue [1]
    declare handle: 0x9 | UUID: 0000fff2-0000-1000-8000-00805f9b34fb
    value handle: 0xa | property: 0x30
    descriptor [0]
      handle: 0xb | UUID: 00002902-0000-1000-8000-00805f9b34fb
Serve [1]
  handle: 0x1 | UUID: 00001801-0000-1000-8000-00805f9b34fb
  type: main service | end handle: 0x4
  Eigenvalue [0]
    declare handle: 0x2 | UUID: 00002a05-0000-1000-8000-00805f9b34fb
    value handle: 0x3 | property: 0x20
    descriptor [0]
      handle: 0x4 | UUID: 00002902-0000-1000-8000-00805f9b34fb
Total number of services discovered: 2

[GATTC write operation]
connect ID: 0x8 (8)
type: GATT_WRITE (2)
data structure:
{
    connectID: 0x8,
    handle: 0xb,
    offset: 0x0,
    length: 2,
    Authentication request: 0x0,
    data: [01 00]
}
[security check] Parameter address: 0x76b0fd4138
GATT Security Cls: 0x76b0fd4138
[security check] return value: 1
[security check] return value: reject
[GATTC write operation] return value: 0x0

[Bluetooth GATT notify]
aisle ID: 0x4, opcode: 0x1b, total length: 106 bytes
data block #1
handle: 0x000a
Data length: 104 bytes
Data content: 00 00 00 00 00 00 00 00 00 68 00 00 02 C1 00 58 81 41 04 D5 48 CD FF 4F FF D4 A9 22 E1 6A E7 4A 50 97 A4 C1 61 02 FA 32 C7 5E C0 9B C5 56 AB 3D 21 6A 68 EB 15 26 79 38 84 D3 63 B8 B5 DF 83 0C 9E 35 B2 7B 45 44 FB 37 35 2D 03 B7 D7 0D AB 1F 5B 4A E5 82 01 01 83 10 00 2F 00 00 00 00 00 00 00 00 00 00 00 08 A7 90

[GATTC write operation]
connect ID: 0x8 (8)
type: GATT_WRITE (2)
data structure:
{
    connectID: 0x8,
    handle: 0x8,
    offset: 0x0,
    length: 121,
    Authentication request: 0x0,
    data: [00 00 02 00 00 01 00 00 00 79 00 00 02 00 00 c1 00 67 84 41 04 06 de 68 3f 49 29 f3 82 36 d0 8f 2c 88 d1 db 86 3a 13 e5 e6 ef c5 af 65 6d 96 69 c9 f5 78 87 cf 41 a6 93 67 a0 e6 50 03 98 62 b3 00 c6 6f 88 c9 60 48 39 f9 cd 15 5e 4a 39 42 e8 46 7d ae 13 f0 89 10 c0 01 00 2f 30 a7 90 25 05 20 17 02 26 c5 db f9 85 10 ae 54 64 01 51 a7 f2 d7 60 df aa a2 02 02 4d 51]
}
[security check] Parameter address: 0x76b0fd4138
GATT Security Cls: 0x76b0fd4138
[security check] return value: 1
[security check] return value: reject
[GATTC write operation] return value: 0x0

[Bluetooth GATT notify]
aisle ID: 0x4, opcode: 0x1b, total length: 58 bytes
data block #1
handle: 0x000a
Data length: 56 bytes
Data content: 00 00 00 00 00 01 00 01 00 38 C0 00 02 C2 00 20 A1 C5 49 B0 B0 C8 62 36 0A CB 5F 2B 71 31 C2 AB 6E 70 69 BD AE E0 14 D3 F9 05 7D E9 0C 86 EF 4B 98 78 47 55 93 A1 51 5B

[GATTC write operation]
connect ID: 0x8 (8)
type: GATT_WRITE (2)
data structure:
{
    connectID: 0x8,
    handle: 0x8,
    offset: 0x0,
    length: 26,
    Authentication request: 0x0,
    data: [00 00 02 00 00 02 00 01 00 1a c0 00 02 00 00 c2 00 00 5f 8f 2a 77 c0 1a 42 32]
}
[security check] Parameter address: 0x76b0fd4138
GATT Security Cls: 0x76b0fd4138
[security check] return value: 1
[security check] return value: reject
[GATTC write operation] return value: 0x0

[Bluetooth GATT notify]
aisle ID: 0x4, opcode: 0x1b, total length: 20 bytes
data block #1
handle: 0x000a
Data length: 18 bytes
Data content: 00 00 01 00 00 02 00 02 00 12 00 00 02 06 00 02 00 00

[Bluetooth GATT notify]
aisle ID: 0x4, opcode: 0x1b, total length: 42 bytes
data block #1
handle: 0x000a
Data length: 40 bytes
Data content: 00 00 00 00 00 02 00 03 00 28 C0 00 03 02 00 10 FE F8 5C 83 C0 35 2A 98 D9 FF 1D 09 DD F4 27 FD 73 F6 09 04 7C B1 73 E1

[GATTC write operation]
connect ID: 0x8 (8)
type: GATT_WRITE (2)
data structure:
{
    connectID: 0x8,
    handle: 0x8,
    offset: 0x0,
    length: 72,
    Authentication request: 0x0,
    data: [00 00 00 00 00 03 00 02 00 48 c0 00 05 04 00 30 16 eb 76 d5 97 f0 81 f3 bc 8a 99 cd 66 ff 52 bd 9d 7f 2d 88 d5 dc 52 0f 78 5e 84 e5 6b 72 df 2d b3 89 5b ec e4 f2 50 ee 4a f5 3a 5a 17 8b b2 f3 45 fc f3 20 a8 0e 94 da]
}
[security check] Parameter address: 0x76b0fd4138
GATT Security Cls: 0x76b0fd4138
[security check] return value: 1
[security check] return value: reject
[GATTC write operation] return value: 0x0

[Bluetooth GATT notify]
aisle ID: 0x4, opcode: 0x1b, total length: 90 bytes
data block #1
handle: 0x000a
Data length: 88 bytes
Data content: 00 00 00 00 00 02 00 04 00 58 C0 00 04 01 00 40 2B B5 7D F6 B7 B6 00 CE 3D A9 EB C2 00 EE E9 5E 04 CA 4C 3C 87 12 E6 CF 65 98 B7 AA F6 15 49 BB C8 5C 05 76 36 CF F2 9B E4 85 67 94 0A 1D DB 10 BC B9 DB B0 A0 F1 11 48 0A D8 A7 C8 40 A5 62 DD AC 39 6A E2 17 31 DB 51

[GATTC write operation]
connect ID: 0x8 (8)
type: GATT_WRITE (2)
data structure:
{
    connectID: 0x8,
    handle: 0x8,
    offset: 0x0,
    length: 40,
    Authentication request: 0x0,
    data: [00 00 00 00 00 04 00 02 00 28 c0 00 03 01 00 10 18 28 dd 5d 29 3f a8 93 c9 09 e9 e2 0f 37 19 1a 9f bc 1c c5 16 da 37 d2]
}
[security check] Parameter address: 0x76b0fd4138
GATT Security Cls: 0x76b0fd4138
[security check] return value: 1
[security check] return value: reject
[GATTC write operation] return value: 0x0

[Bluetooth GATT notify]
aisle ID: 0x4, opcode: 0x1b, total length: 44 bytes
data block #1
handle: 0x000a
Data length: 42 bytes
Data content: 00 00 02 00 00 03 00 05 00 2A C0 00 05 00 00 04 00 10 F6 4E D1 92 70 B6 8A 91 28 72 4D 73 B6 73 32 4F BF AD C1 ED AB 18 84 F8

[GATTC write operation]
connect ID: 0x8 (8)
type: GATT_WRITE (2)
data structure:
{
    connectID: 0x8,
    handle: 0x8,
    offset: 0x0,
    length: 26,
    Authentication request: 0x0,
    data: [00 00 02 00 00 05 00 04 00 1a c0 00 04 00 00 01 00 00 f4 88 5a d2 e3 37 2a 5f]
}
[security check] Parameter address: 0x76b0fd4138
GATT Security Cls: 0x76b0fd4138
[security check] return value: 1
[security check] return value: reject
[GATTC write operation] return value: 0x0

[Bluetooth GATT notify]
aisle ID: 0x4, opcode: 0x1b, total length: 44 bytes
data block #1
handle: 0x000a
Data length: 42 bytes
Data content: 00 00 02 00 00 04 00 06 00 2A C0 00 03 00 00 01 00 10 6C 04 B4 E9 EC 12 1E 6A 6D 03 93 6B B6 77 3A E4 20 24 56 33 6E 7C A7 86

[Bluetooth GATT notify]
aisle ID: 0x4, opcode: 0x1b, total length: 90 bytes
data block #1
handle: 0x000a
Data length: 88 bytes
Data content: 00 00 00 00 00 04 00 07 00 58 C0 00 04 01 00 40 2B B5 7D F6 B7 B6 00 CE 3D A9 EB C2 00 EE E9 5E 04 CA 4C 3C 87 12 E6 CF 65 98 B7 AA F6 15 49 BB C8 5C 05 76 36 CF F2 9B E4 85 67 94 0A 1D DB 10 5C 77 A8 CE 0F 9E 7D 0F 62 69 46 65 75 D2 CC 46 93 0B 33 EB 1C 3F 2E 23

[GATTC write operation]
connect ID: 0x8 (8)
type: GATT_WRITE (2)
data structure:
{
    connectID: 0x8,
    handle: 0x8,
    offset: 0x0,
    length: 26,
    Authentication request: 0x0,
    data: [00 00 02 00 00 06 00 07 00 1a c0 00 04 00 00 01 00 00 69 43 ea a9 77 78 79 0f]
}
[security check] Parameter address: 0x76b0fd4138
GATT Security Cls: 0x76b0fd4138
[security check] return value: 1
[security check] return value: reject
[GATTC write operation] return value: 0x0

[Bluetooth GATT notify]
aisle ID: 0x4, opcode: 0x1b, total length: 23 bytes
data block #1
handle: 0x000a
Data length: 21 bytes
Data content: 00 00 00 00 00 06 00 08 00 15 00 00 04 00 00 05 04 00 02 00 04

[GATTC write operation]
connect ID: 0x8 (8)
type: GATT_WRITE (2)
data structure:
{
    connectID: 0x8,
    handle: 0x8,
    offset: 0x0,
    length: 18,
    Authentication request: 0x0,
    data: [00 00 02 00 00 07 00 08 00 12 00 00 04 00 00 00 00 00]
}
[security check] Parameter address: 0x76b0fd4138
GATT Security Cls: 0x76b0fd4138
[security check] return value: 1
[security check] return value: reject
[GATTC write operation] return value: 0x0

[Bluetooth GATT notify]
aisle ID: 0x4, opcode: 0x1b, total length: 23 bytes
data block #1
handle: 0x000a
Data length: 21 bytes
Data content: 00 00 00 00 00 07 00 09 00 15 00 00 04 00 00 05 04 00 02 00 05

[GATTC write operation]
connect ID: 0x8 (8)
type: GATT_WRITE (2)
data structure:
{
    connectID: 0x8,
    handle: 0x8,
    offset: 0x0,
    length: 18,
    Authentication request: 0x0,
    data: [00 00 02 00 00 08 00 09 00 12 00 00 04 00 00 00 00 00]
}
[security check] Parameter address: 0x76b0fd4138
GATT Security Cls: 0x76b0fd4138
[security check] return value: 1
[security check] return value: reject
[GATTC write operation] return value: 0x0

[Bluetooth GATT notify]
aisle ID: 0x4, opcode: 0x1b, total length: 23 bytes
data block #1
handle: 0x000a
Data length: 21 bytes
Data content: 00 00 00 00 00 08 00 0A 00 15 00 00 04 00 00 05 04 00 02 00 04

[GATTC write operation]
connect ID: 0x8 (8)
type: GATT_WRITE (2)
data structure:
{
    connectID: 0x8,
    handle: 0x8,
    offset: 0x0,
    length: 18,
    Authentication request: 0x0,
    data: [00 00 02 00 00 09 00 0a 00 12 00 00 04 00 00 00 00 00]
}
[security check] Parameter address: 0x76b0fd4138
GATT Security Cls: 0x76b0fd4138
[security check] return value: 1
[security check] return value: reject
[GATTC write operation] return value: 0x0

[Bluetooth GATT notify]
aisle ID: 0x4, opcode: 0x1b, total length: 23 bytes
data block #1
handle: 0x000a
Data length: 21 bytes
Data content: 00 00 00 00 00 09 00 0B 00 15 00 00 04 00 00 05 04 00 02 02 03

[GATTC write operation]
connect ID: 0x8 (8)
type: GATT_WRITE (2)
data structure:
{
    connectID: 0x8,
    handle: 0x8,
    offset: 0x0,
    length: 18,
    Authentication request: 0x0,
    data: [00 00 02 00 00 0a 00 0b 00 12 00 00 04 00 00 00 00 00]
}
[security check] Parameter address: 0x76b0fd4138
GATT Security Cls: 0x76b0fd4138
[security check] return value: 1
[security check] return value: reject
[GATTC write operation] return value: 0x0

[Bluetooth GATT notify]
aisle ID: 0x4, opcode: 0x1b, total length: 23 bytes
data block #1
handle: 0x000a
Data length: 21 bytes
Data content: 00 00 00 00 00 0A 00 0C 00 15 00 00 04 00 00 05 04 00 02 00 04

[GATTC write operation]
connect ID: 0x8 (8)
type: GATT_WRITE (2)
data structure:
{
    connectID: 0x8,
    handle: 0x8,
    offset: 0x0,
    length: 18,
    Authentication request: 0x0,
    data: [00 00 02 00 00 0b 00 0c 00 12 00 00 04 00 00 00 00 00]
}
[security check] Parameter address: 0x76b0fd4138
GATT Security Cls: 0x76b0fd4138
[security check] return value: 1
[security check] return value: reject
[GATTC write operation] return value: 0x0

[Bluetooth GATT notify]
aisle ID: 0x4, opcode: 0x1b, total length: 23 bytes
data block #1
handle: 0x000a
Data length: 21 bytes
Data content: 00 00 00 00 00 0B 00 0D 00 15 00 00 04 00 00 05 04 00 02 03 03

[GATTC write operation]
connect ID: 0x8 (8)
type: GATT_WRITE (2)
data structure:
{
    connectID: 0x8,
    handle: 0x8,
    offset: 0x0,
    length: 18,
    Authentication request: 0x0,
    data: [00 00 02 00 00 0c 00 0d 00 12 00 00 04 00 00 00 00 00]
}
[security check] Parameter address: 0x76b0fd4138
GATT Security Cls: 0x76b0fd4138
[security check] return value: 1
[security check] return value: reject
[GATTC write operation] return value: 0x0

[Bluetooth GATT notify]
aisle ID: 0x4, opcode: 0x1b, total length: 23 bytes
data block #1
handle: 0x000a
Data length: 21 bytes
Data content: 00 00 00 00 00 0C 00 0E 00 15 00 00 04 00 00 05 04 00 02 00 04

[GATTC write operation]
connect ID: 0x8 (8)
type: GATT_WRITE (2)
data structure:
{
    connectID: 0x8,
    handle: 0x8,
    offset: 0x0,
    length: 18,
    Authentication request: 0x0,
    data: [00 00 02 00 00 0d 00 0e 00 12 00 00 04 00 00 00 00 00]
}
[security check] Parameter address: 0x76b0fd4138
GATT Security Cls: 0x76b0fd4138
[security check] return value: 1
[security check] return value: reject
[GATTC write operation] return value: 0x0

[Bluetooth GATT notify]
aisle ID: 0x4, opcode: 0x1b, total length: 23 bytes
data block #1
handle: 0x000a
Data length: 21 bytes
Data content: 00 00 00 00 00 0D 00 0F 00 15 00 00 04 00 00 05 04 00 02 03 03

[GATTC write operation]
connect ID: 0x8 (8)
type: GATT_WRITE (2)
data structure:
{
    connectID: 0x8,
    handle: 0x8,
    offset: 0x0,
    length: 18,
    Authentication request: 0x0,
    data: [00 00 02 00 00 0e 00 0f 00 12 00 00 04 00 00 00 00 00]
}
[security check] Parameter address: 0x76b0fd4138
GATT Security Cls: 0x76b0fd4138
[security check] return value: 1
[security check] return value: reject
[GATTC write operation] return value: 0x0

[Bluetooth GATT notify]
aisle ID: 0x4, opcode: 0x1b, total length: 23 bytes
data block #1
handle: 0x000a
Data length: 21 bytes
Data content: 00 00 00 00 00 0E 00 10 00 15 00 00 04 00 00 05 04 00 02 03 02

[GATTC write operation]
connect ID: 0x8 (8)
type: GATT_WRITE (2)
data structure:
{
    connectID: 0x8,
    handle: 0x8,
    offset: 0x0,
    length: 18,
    Authentication request: 0x0,
    data: [00 00 02 00 00 0f 00 10 00 12 00 00 04 00 00 00 00 00]
}
[security check] Parameter address: 0x76b0fd4138
GATT Security Cls: 0x76b0fd4138
[security check] return value: 1
[security check] return value: reject
[GATTC write operation] return value: 0x0

[Bluetooth GATT notify]
aisle ID: 0x4, opcode: 0x1b, total length: 23 bytes
data block #1
handle: 0x000a
Data length: 21 bytes
Data content: 00 00 00 00 00 0F 00 11 00 15 00 00 04 00 00 05 04 00 02 02 03

[GATTC write operation]
connect ID: 0x8 (8)
type: GATT_WRITE (2)
data structure:
{
    connectID: 0x8,
    handle: 0x8,
    offset: 0x0,
    length: 18,
    Authentication request: 0x0,
    data: [00 00 02 00 00 10 00 11 00 12 00 00 04 00 00 00 00 00]
}
[security check] Parameter address: 0x76b0fd4138
GATT Security Cls: 0x76b0fd4138
[security check] return value: 1
[security check] return value: reject
[GATTC write operation] return value: 0x0

[Bluetooth GATT notify]
aisle ID: 0x4, opcode: 0x1b, total length: 23 bytes
data block #1
handle: 0x000a
Data length: 21 bytes
Data content: 00 00 00 00 00 0F 00 12 00 15 00 00 04 00 00 05 04 00 02 02 02

[GATTC write operation]
connect ID: 0x8 (8)
type: GATT_WRITE (2)
data structure:
{
    connectID: 0x8,
    handle: 0x8,
    offset: 0x0,
    length: 18,
    Authentication request: 0x0,
    data: [00 00 02 00 00 11 00 12 00 12 00 00 04 00 00 00 00 00]
}
[security check] Parameter address: 0x76b0fd4138
GATT Security Cls: 0x76b0fd4138
[security check] return value: 1
[security check] return value: reject
[GATTC write operation] return value: 0x0

[Bluetooth GATT notify]
aisle ID: 0x4, opcode: 0x1b, total length: 90 bytes
data block #1
handle: 0x000a
Data length: 88 bytes
Data content: 00 00 00 00 00 10 00 13 00 58 C0 00 04 01 00 40 D6 81 06 20 5C DC B0 FC 90 0D 84 59 5E 07 AF 86 29 B3 38 88 38 01 CB 7F 46 FA B5 F0 67 C9 96 4A 3D C0 97 4A E1 6C B5 EA 9F 75 54 8D AC BF 92 EC 9F 14 B3 6F 29 ED A8 C7 7C 70 2F D3 17 E9 35 E0 11 E4 08 6E 26 9D 42 72

[Bluetooth GATT notify]
aisle ID: 0x4, opcode: 0x1b, total length: 23 bytes
data block #1
handle: 0x000a
Data length: 21 bytes
Data content: 00 00 00 00 00 10 00 14 00 15 00 00 04 00 00 05 04 00 02 01 01

[GATTC write operation]
connect ID: 0x8 (8)
type: GATT_WRITE (2)
data structure:
{
    connectID: 0x8,
    handle: 0x8,
    offset: 0x0,
    length: 26,
    Authentication request: 0x0,
    data: [00 00 02 00 00 12 00 13 00 1a c0 00 04 00 00 01 00 00 4a 98 ae ed d6 89 51 d4]
}
[security check] Parameter address: 0x76b0fd4138
GATT Security Cls: 0x76b0fd4138
[security check] return value: 1
[security check] return value: reject
[GATTC write operation] return value: 0x0

[GATTC write operation]
connect ID: 0x8 (8)
type: GATT_WRITE (2)
data structure:
{
    connectID: 0x8,
    handle: 0x8,
    offset: 0x0,
    length: 18,
    Authentication request: 0x0,
    data: [00 00 02 00 00 13 00 14 00 12 00 00 04 00 00 00 00 00]
}
[security check] Parameter address: 0x76b0fd4138
GATT Security Cls: 0x76b0fd4138
[security check] return value: 1
[security check] return value: reject
[GATTC write operation] return value: 0x0
