[*] Loading Bluetooth protocol stack Hook script...
[+] base address: 0x7054875000
[*] allHookReady！
[Remote::PID::30190 ]-> [GATTC_Read] connectID: 1, type: 1, Structure address: 0x7040038298
Structure content:
  Authentication request: 0
  start handle: 0x1
  end handle: 0xffff
  UUID:     00002B3A-0000-1000-8000-00805F9B34FB
[security check] Call parameter address: 0x7055120138
[security check] return value: fail
[GATTC_Read] return value: 0
[MTUConfiguration] connectID: 0x6, currentMTU: 243
[MTUConfiguration] return value: 0

[GATTC_Write Hooked]
connect ID: 0x6 (6)
type: GATT_WRITE (2)
data structure:
{
    conn_id: 0x6 (6),
    handle: 0x7 (7),
    offset: 0x0 (0),
    length: 2,
    Authentication request: 0x0 (0),
    data: [01 00]
}
[security check] Call parameter address: 0x7055120138
[security check] return value: fail
[GATTC_Write] return value: 0x0

[GATTC_Write Hooked]
connect ID: 0x6 (6)
type: GATT_WRITE (2)
data structure:
{
    conn_id: 0x6 (6),
    handle: 0xe (14),
    offset: 0x0 (0),
    length: 2,
    Authentication request: 0x0 (0),
    data: [01 00]
}
[security check] Call parameter address: 0x7055120138
[security check] return value: fail
[GATTC_Write] return value: 0x0

[GATTC_Write Hooked]
connect ID: 0x6 (6)
type: GATT_WRITE_NO_RSP (1)
data structure:
{
    conn_id: 0x6 (6),
    handle: 0x3 (3),
    offset: 0x0 (0),
    length: 41,
    Authentication request: 0x0 (0),
    data: [fe 06 00 29 01 01 01 eb 8f 01 2a 06 53 a5 0d 77 da 8a 4a b1 29 d1 3e 65 83 8a 0b 97 17 4c 63 0a 67 1d 46 fc 19 f2 ca 73 5c]
}
[security check] Call parameter address: 0x7055120138
[security check] return value: fail
[GATTC_Write] return value: 0x0

[Bluetooth GATT notify]
aisle ID: 0x4, opcode: 0x1b, total length: 27 bytes
data block #1
handle: 0x0006
Data length: 25 bytes
Data content: FE 06 00 19 01 02 02 55 A3 B2 06 85 B5 02 9E 5A 2A 36 E2 B0 F0 5C 03 28 01

[GATTC_Write Hooked]
connect ID: 0x6 (6)
type: GATT_WRITE_NO_RSP (1)
data structure:
{
    conn_id: 0x6 (6),
    handle: 0x3 (3),
    offset: 0x0 (0),
    length: 183,
    Authentication request: 0x0 (0),
    data: [fe 06 00 b7 01 06 01 f4 06 68 16 39 81 4f 70 37 c1 8d ea 47 38 c1 41 f5 d2 3c e6 41 12 df b6 43 a1 ec 0f fc 11 d8 b3 3e dc 30 8e 79 65 d8 ef 40 72 26 45 d1 9b 32 1c 33 f5 d8 b1 37 20 84 7c da 83 d8 a3 56 4c 56 5e 09 52 ca 31 8c 75 1c bd 0b 61 9d b7 13 92 ff 0d fc 03 ad 71 b7 2d 8b d7 eb 0b 2f f6 81 13 c5 a3 df 2a 66 98 fa 8a 30 46 02 21 00 ed 07 9a 5f f3 f5 71 dc b8 ca 98 90 c9 71 d9 19 f1 d1 78 de 5d 60 19 8a 3a fc 2b d8 14 05 16 69 02 21 00 c4 41 2c 17 73 26 70 5d b1 34 72 b2 80 3b 57 22 14 d9 6f 70 04 0c 9a 1a cd 1b f8 1c 57 1e 0c c7 04 83]
}
[security check] Call parameter address: 0x7055120138
[security check] return value: fail
[GATTC_Write] return value: 0x0

[Bluetooth GATT notify]
aisle ID: 0x4, opcode: 0x1b, total length: 185 bytes
data block #1
handle: 0x0006
Data length: 183 bytes
Data content: FE 06 00 B7 01 08 02 F4 06 68 16 39 80 91 E5 60 68 00 96 1D C7 AE A8 2D 79 3C 00 28 1A DD 57 9D 5B 67 24 ED F7 A5 BA AE 28 5F BC 7A EB FD 9C 93 04 F9 62 B1 45 57 3B 14 19 1F AE 24 FE 3A 91 29 20 59 3F BB 7C C1 41 86 B3 37 48 49 B7 DD 0F 47 1C B9 D1 1A A9 D8 07 E2 99 CC 4A 79 BD C7 08 44 CE A1 08 70 40 63 02 57 85 3B 0A F7 73 30 46 02 21 00 91 E5 60 68 00 96 1D C7 AE A8 2D 79 3C 00 28 1A DD 57 9D 5B 67 24 ED F7 A5 BA AE 28 5F BC 7A EB 02 21 00 E3 48 E7 A0 DA 99 3F 21 11 29 33 00 87 DA 3E A4 F1 67 32 AB B3 E0 5E BC 56 F2 D4 2F 97 72 88 41 7B 41

[GATTC_Write Hooked]
connect ID: 0x6 (6)
type: GATT_WRITE_NO_RSP (1)
data structure:
{
    conn_id: 0x6 (6),
    handle: 0x3 (3),
    offset: 0x0 (0),
    length: 159,
    Authentication request: 0x0 (0),
    data: [fe 06 00 9f 01 09 01 24 9c 49 6c d0 1a a3 02 02 13 b6 bb 0b b5 f5 4c 1c 94 8c b8 63 08 74 b0 c6 ec e8 22 9c 68 26 23 38 bc 69 e7 9c 00 c6 df 6a 7c 04 d9 65 a0 b3 3a 4c 73 61 a9 a7 9f bd b3 92 03 fe 51 66 aa f9 cd a0 70 46 29 b0 7f e4 c1 d5 5b e6 c8 71 1c 93 06 03 b1 24 31 f6 c4 a8 ee 00 12 62 b0 8f 3e 79 e9 ab 49 d9 56 9b 68 fc 4a 41 84 68 38 ee 0b 94 f1 33 e7 6d 57 02 ee ad 4c be a4 e6 4a 0a 25 a6 35 ac 30 ac cd ab 42 bd 60 12 57 63 69 66 08 69 e2 73 ad 9a cd 15 7e 89 da]
}
[security check] Call parameter address: 0x7055120138
[security check] return value: fail
[GATTC_Write] return value: 0x0

[Bluetooth GATT notify]
aisle ID: 0x4, opcode: 0x1b, total length: 35 bytes
data block #1
handle: 0x0006
Data length: 33 bytes
Data content: FE 06 00 21 01 0A 02 24 9C 49 6C D0 1A 7A 02 75 AF D9 A3 D3 AD C9 B8 84 52 D0 6E 57 B1 11 DB 8B C3

[Bluetooth GATT notify]
aisle ID: 0x4, opcode: 0x1b, total length: 48 bytes
data block #1
handle: 0x0006
Data length: 46 bytes
Data content: FE 06 00 2E 01 21 02 24 9C 49 6C D0 1A 6A 02 BB 13 0A B1 0E B0 53 82 08 9E 8C B8 40 00 2D 8C A9 2E D1 D7 E4 DD 77 71 3D 65 52 C8 A3 64 D0

[GATTC_Write Hooked]
connect ID: 0x6 (6)
type: GATT_WRITE_NO_RSP (1)
data structure:
{
    conn_id: 0x6 (6),
    handle: 0x3 (3),
    offset: 0x0 (0),
    length: 17,
    Authentication request: 0x0 (0),
    data: [fe 06 00 11 ff fe 04 f4 07 68 16 39 81 01 21 fb 85]
}
[security check] Call parameter address: 0x7055120138
[security check] return value: fail
[GATTC_Write] return value: 0x0

[Bluetooth GATT notify]
aisle ID: 0x4, opcode: 0x1b, total length: 48 bytes
data block #1
handle: 0x0006
Data length: 46 bytes
Data content: FE 06 00 2E 01 21 02 24 9C 49 6C D0 1A 40 02 BB 13 0A B1 0E B0 53 82 08 1E 8C A8 40 72 79 84 03 89 8F ED 68 60 A0 D3 07 88 AF C6 03 A8 50

[GATTC_Write Hooked]
connect ID: 0x6 (6)
type: GATT_WRITE_NO_RSP (1)
data structure:
{
    conn_id: 0x6 (6),
    handle: 0x3 (3),
    offset: 0x0 (0),
    length: 56,
    Authentication request: 0x0 (0),
    data: [fe 06 00 38 01 37 03 24 92 49 6c d0 19 6a 02 bb 13 0a b1 0e b0 53 82 08 9e 8c b8 40 20 44 0b e7 3d 8b 4a d3 d6 ff 7a 19 11 9c fa 45 f0 79 1a 7a dd 7d db f9 8c a3 b4 02]
}
[security check] Call parameter address: 0x7055120138
[security check] return value: fail
[GATTC_Write] return value: 0x0

[Bluetooth GATT notify]
aisle ID: 0x4, opcode: 0x1b, total length: 48 bytes
data block #1
handle: 0x0006
Data length: 46 bytes
Data content: FE 06 00 2E 01 21 02 24 9C 49 6C D0 1A C0 A8 BA 12 0B B0 0E B0 53 82 08 3E 8C A8 40 04 C2 92 12 34 ED 78 EE F8 90 E5 27 62 4B F1 64 DB 28

[Bluetooth GATT notify]
aisle ID: 0x4, opcode: 0x1b, total length: 21 bytes
data block #1
handle: 0x0006
Data length: 19 bytes
Data content: FE 06 00 13 FF FE 04 F4 09 68 16 39 81 01 37 10 00 B5 80

[GATTC_Write Hooked]
connect ID: 0x6 (6)
type: GATT_WRITE_NO_RSP (1)
data structure:
{
    conn_id: 0x6 (6),
    handle: 0x3 (3),
    offset: 0x0 (0),
    length: 17,
    Authentication request: 0x0 (0),
    data: [fe 06 00 11 ff fe 04 f4 07 68 16 39 81 01 21 fb 85]
}
[security check] Call parameter address: 0x7055120138
[security check] return value: fail
[GATTC_Write] return value: 0x0

[GATTC_Write Hooked]
connect ID: 0x6 (6)
type: GATT_WRITE_NO_RSP (1)
data structure:
{
    conn_id: 0x6 (6),
    handle: 0x3 (3),
    offset: 0x0 (0),
    length: 17,
    Authentication request: 0x0 (0),
    data: [fe 06 00 11 ff fe 04 f4 07 68 16 39 81 01 21 fb 85]
}
[security check] Call parameter address: 0x7055120138
[security check] return value: fail
[GATTC_Write] return value: 0x0

[Bluetooth GATT notify]
aisle ID: 0x4, opcode: 0x1b, total length: 48 bytes
data block #1
handle: 0x0006
Data length: 46 bytes
Data content: FE 06 00 2E 01 21 04 24 92 49 6C D0 1A C0 A8 BA 12 0B B0 0E B0 53 82 08 36 8C A8 40 96 31 0D 31 67 9B 7D D7 42 4C 6E 85 46 37 5F 74 5D 0A

[GATTC_Write Hooked]
connect ID: 0x6 (6)
type: GATT_WRITE_NO_RSP (1)
data structure:
{
    conn_id: 0x6 (6),
    handle: 0x3 (3),
    offset: 0x0 (0),
    length: 17,
    Authentication request: 0x0 (0),
    data: [fe 06 00 11 ff fe 04 f4 09 68 16 39 81 01 21 3b 6a]
}
[security check] Call parameter address: 0x7055120138
[security check] return value: fail
[GATTC_Write] return value: 0x0

[Bluetooth GATT notify]
aisle ID: 0x4, opcode: 0x1b, total length: 48 bytes
data block #1
handle: 0x0006
Data length: 46 bytes
Data content: FE 06 00 2E 01 21 00 24 92 49 6C D0 19 C0 A8 BA 12 0B B0 0E B0 53 82 08 36 8D A8 40 0F E0 BF D6 00 4D 05 EB 44 F6 2E 56 E6 3F 5B 5C 2E FA

[GATTC_Write Hooked]
connect ID: 0x6 (6)
type: GATT_WRITE_NO_RSP (1)
data structure:
{
    conn_id: 0x6 (6),
    handle: 0x3 (3),
    offset: 0x0 (0),
    length: 17,
    Authentication request: 0x0 (0),
    data: [fe 06 00 11 ff fe 04 f4 09 68 16 39 82 01 21 3b 9a]
}
[security check] Call parameter address: 0x7055120138
[security check] return value: fail
[GATTC_Write] return value: 0x0