*] Loading Bluetooth protocol stack synthesis Hook script...
[+] base address: 0x75a6911000
[+] Coming soon Hook function: btm_sec_is_a_bonded_dev @ 0x75a6c85b4c
[+] Coming soon Hook function: ConnectGatt @ 0x75a6c9d1d4
[+] Coming soon Hook function: gatt_connect_cback @ 0x75a6c9f95c
[+] Coming soon Hook function: gatt_connect[38C174] @ 0x75a6c9d174
[+] Coming soon Hook function: gatt_connect[397424] @ 0x75a6ca8424
[+] Coming soon Hook function: BTM_BackgroundConnectAddressKnown @ 0x75a6c6074c
[+] Coming soon Hook function: BTM_BLE_IS_RESOLVE_BDA @ 0x75a6c6074c
[+] Coming soon Hook function: BTM_IsAclConnectionUp @ 0x75a6c5136c
[+] Coming soon Hook function: btsnd_hcic_ble_create_ll_conn @ 0x75a6cb4068
[+] Coming soon Hook function: btsnd_hcic_ble_ext_create_conn @ 0x75a6cb4f84
[+] Coming soon Hook function: supports_ble_extended_advertising @ 0x75a6b4dcbc
[+] Coming soon Hook function: BTM_AcceptlistAdd @ 0x75a6c60970
[*] allHookLoaded successfully！
[Remote::com.android.bluetooth ]-> supports_ble_extended_advertising association MAC address: 0x75a6b4dcbc
1
[supports_ble_extended_advertising] return value: true
--------------------------------------------------
supports_ble_extended_advertising association MAC address: 0x75a6b4dcbc
1
[supports_ble_extended_advertising] return value: true
--------------------------------------------------
supports_ble_extended_advertising association MAC address: 0x75a6b4dcbc
1
[supports_ble_extended_advertising] return value: true
--------------------------------------------------
supports_ble_extended_advertising association MAC address: 0x75a6b4dcbc
1
[supports_ble_extended_advertising] return value: true
--------------------------------------------------
supports_ble_extended_advertising association MAC address: 0x75a6b4dcbc
1
[supports_ble_extended_advertising] return value: true
--------------------------------------------------
supports_ble_extended_advertising association MAC address: 0x75a6b4dcbc
1
[supports_ble_extended_advertising] return value: true
--------------------------------------------------
supports_ble_extended_advertising association MAC address: 0x75a6b4dcbc
1
[supports_ble_extended_advertising] return value: true
--------------------------------------------------
supports_ble_extended_advertising association MAC address: 0x75a6b4dcbc
1
[supports_ble_extended_advertising] return value: true
--------------------------------------------------
[btm_sec_is_a_bonded_dev] return value: false
--------------------------------------------------
[gatt_connect_cback] association MAC address: 0x75a6c9f95c
[btm_sec_is_a_bonded_dev] return value: false
--------------------------------------------------
supports_ble_extended_advertising association MAC address: 0x75a6b4dcbc
1
[supports_ble_extended_advertising] return value: true
--------------------------------------------------
supports_ble_extended_advertising association MAC address: 0x75a6b4dcbc
1
[supports_ble_extended_advertising] return value: true
--------------------------------------------------
[ConnectGatt] association MAC address: 0x75a6c9d1d4
    connect Type: 1
    Transport: 2
    Base: 0xb400007658cd6ba0
    Original MAC: EC:9A:34:B6:10:94
[ConnectGatt]@397424 association MAC address: 0x75a6ca8424
BTM_AcceptlistAdd association MAC address: 0x75a6c60970
    Base: 0xb400007658cd6ba0
    Original MAC: EC:9A:34:B6:10:94
BTM_IsAclConnectionUp association MAC address: 0x75a6c5136c
    Base: 0xb400007648d065d6
    Original MAC: EC:9A:34:B6:10:94
[+] Module base address: 0x75a6911000
[+] destination address: 0x75a71b503d
[+] read byte value: 0x00
0
[BTM_IsAclConnectionUp] return value: false
--------------------------------------------------
BTM_IsAclConnectionUp association MAC address: 0x75a6c5136c
    Base: 0xb400007648d065d6
    Original MAC: EC:9A:34:B6:10:94
[+] Module base address: 0x75a6911000
[+] destination address: 0x75a71b503d
[+] read byte value: 0x00
0
[BTM_IsAclConnectionUp] return value: false
--------------------------------------------------
supports_ble_extended_advertising association MAC address: 0x75a6b4dcbc
1
[supports_ble_extended_advertising] return value: true
--------------------------------------------------
btsnd_hcic_ble_ext_create_conn association MAC address: 0x75a6cb4f84
    Base: 0x75a71d4156
    Original MAC: 00:00:00:00:00:00
btsnd_hcic_ble_ext_create_conn leave
[+] Module base address: 0x75a6911000
[+] destination address: 0x75a71b503d
[+] read byte value: 0x00
1
[BTM_AcceptlistAdd] return value: true
--------------------------------------------------
[ConnectGatt] return value: true
--------------------------------------------------
BTM_IsAclConnectionUp association MAC address: 0x75a6c5136c
    Base: 0x75a71b8ea9
    Original MAC: EC:9A:34:B6:10:94
[+] Module base address: 0x75a6911000
[+] destination address: 0x75a71b503d
[+] read byte value: 0x00
1
[BTM_IsAclConnectionUp] return value: true
--------------------------------------------------
[btm_sec_is_a_bonded_dev] return value: false
--------------------------------------------------
[gatt_connect_cback] association MAC address: 0x75a6c9f95c
[GATTC Read operation] connectID: 1, type: 1, address: 0x75922e8298
Structure content:
  Authentication request: 0
  start handle: 0x1
  end handle: 0xffff
  UUID:     00002B3A-0000-1000-8000-00805F9B34FB
[security check] Parameter address: 0x75a71bc138
GATT Security Cls: 0x75a71bc138
[security check] return value: 1
[security check] return value: reject
[GATTC Read operation] return value: 0
BTM_IsAclConnectionUp association MAC address: 0x75a6c5136c
    Base: 0x75a71bd1f8
    Original MAC: EC:9A:34:B6:10:94
[+] Module base address: 0x75a6911000
[+] destination address: 0x75a71b503d
[+] read byte value: 0x00
1
[BTM_IsAclConnectionUp] return value: true
--------------------------------------------------
service discovery: 0x75a71bc1b8
[ConnectGatt]@38C174 association MAC address: 0x75a6c9d174
[ConnectGatt] association MAC address: 0x75a6c9d1d4
    connect Type: 0
    Transport: 2
    Base: 0xb400007658cdf220
    Original MAC: A0:0B:16:C9:57:37
BTM_BackgroundConnectAddressKnown association MAC address: 0x75a6c6074c
    Base: 0xb400007658cdf220
    Original MAC: A0:0B:16:C9:57:37
BTM_BLE_IS_RESOLVE_BDA association MAC address: 0x75a6c6074c
    Base: 0xb400007658cdf220
    Original MAC: A0:0B:16:C9:57:37
1
[BTM_BackgroundConnectAddressKnown] return value: true
--------------------------------------------------
1
[BTM_BLE_IS_RESOLVE_BDA] return value: true
--------------------------------------------------
BTM_AcceptlistAdd association MAC address: 0x75a6c60970
    Base: 0xb400007658cdf220
    Original MAC: A0:0B:16:C9:57:37
BTM_IsAclConnectionUp association MAC address: 0x75a6c5136c
    Base: 0xb400007648d0c936
    Original MAC: A0:0B:16:C9:57:37
[+] Module base address: 0x75a6911000
[+] destination address: 0x75a71b503d
[+] read byte value: 0x00
0
[BTM_IsAclConnectionUp] return value: false
--------------------------------------------------
BTM_IsAclConnectionUp association MAC address: 0x75a6c5136c
    Base: 0xb400007648d0c936
    Original MAC: A0:0B:16:C9:57:37
[+] Module base address: 0x75a6911000
[+] destination address: 0x75a71b503d
[+] read byte value: 0x00
0
[BTM_IsAclConnectionUp] return value: false
--------------------------------------------------
supports_ble_extended_advertising association MAC address: 0x75a6b4dcbc
1
[supports_ble_extended_advertising] return value: true
--------------------------------------------------
btsnd_hcic_ble_ext_create_conn association MAC address: 0x75a6cb4f84
    Base: 0x75a71d4156
    Original MAC: 00:00:00:00:00:00
btsnd_hcic_ble_ext_create_conn leave
[+] Module base address: 0x75a6911000
[+] destination address: 0x75a71b503d
[+] read byte value: 0x00
1
[BTM_AcceptlistAdd] return value: true
--------------------------------------------------
[ConnectGatt] return value: true
--------------------------------------------------
BTM_IsAclConnectionUp association MAC address: 0x75a6c5136c
    Base: 0x75a71bd1f8
    Original MAC: EC:9A:34:B6:10:94
[+] Module base address: 0x75a6911000
[+] destination address: 0x75a71b503d
[+] read byte value: 0x02
1
[BTM_IsAclConnectionUp] return value: true
--------------------------------------------------
BTM_IsAclConnectionUp association MAC address: 0x75a6c5136c
    Base: 0x75a71bd1f8
    Original MAC: EC:9A:34:B6:10:94
[+] Module base address: 0x75a6911000
[+] destination address: 0x75a71b503d
[+] read byte value: 0x02
1
[BTM_IsAclConnectionUp] return value: true
--------------------------------------------------
BTM_IsAclConnectionUp association MAC address: 0x75a6c5136c
    Base: 0x75a71bd1f8
    Original MAC: EC:9A:34:B6:10:94
[+] Module base address: 0x75a6911000
[+] destination address: 0x75a71b503d
[+] read byte value: 0x02
1
[BTM_IsAclConnectionUp] return value: true
--------------------------------------------------
service discovery: 0x75a71bc1b8
BTM_IsAclConnectionUp association MAC address: 0x75a6c5136c
    Base: 0x75a71bd1f8
    Original MAC: EC:9A:34:B6:10:94
[+] Module base address: 0x75a6911000
[+] destination address: 0x75a71b503d
[+] read byte value: 0x02
1
[BTM_IsAclConnectionUp] return value: true
--------------------------------------------------
service discovery: 0x75a71bc1b8
service discovery: 0x75a71bc138
BTM_IsAclConnectionUp association MAC address: 0x75a6c5136c
    Base: 0x75a71bd1f8
    Original MAC: EC:9A:34:B6:10:94
[+] Module base address: 0x75a6911000
[+] destination address: 0x75a71b503d
[+] read byte value: 0x02
1
[BTM_IsAclConnectionUp] return value: true
--------------------------------------------------
service discovery: 0x75a71bc138
BTM_IsAclConnectionUp association MAC address: 0x75a6c5136c
    Base: 0x75a71bd1f8
    Original MAC: EC:9A:34:B6:10:94
[+] Module base address: 0x75a6911000
[+] destination address: 0x75a71b503d
[+] read byte value: 0x02
1
[BTM_IsAclConnectionUp] return value: true
--------------------------------------------------
service discovery: 0x75a71bc138
BTM_IsAclConnectionUp association MAC address: 0x75a6c5136c
    Base: 0x75a71bd1f8
    Original MAC: EC:9A:34:B6:10:94
[+] Module base address: 0x75a6911000
[+] destination address: 0x75a71b503d
[+] read byte value: 0x02
1
[BTM_IsAclConnectionUp] return value: true
--------------------------------------------------
service discovery: 0x75a71bc138
BTM_IsAclConnectionUp association MAC address: 0x75a6c5136c
    Base: 0x75a71bd1f8
    Original MAC: EC:9A:34:B6:10:94
[+] Module base address: 0x75a6911000
[+] destination address: 0x75a71b503d
[+] read byte value: 0x02
1
[BTM_IsAclConnectionUp] return value: true
--------------------------------------------------
service discovery: 0x75a71bc138
service discovery: 0x75a71bc138
BTM_IsAclConnectionUp association MAC address: 0x75a6c5136c
    Base: 0x75a71bd1f8
    Original MAC: EC:9A:34:B6:10:94
[+] Module base address: 0x75a6911000
[+] destination address: 0x75a71b503d
[+] read byte value: 0x02
1
[BTM_IsAclConnectionUp] return value: true
--------------------------------------------------
service discovery: 0x75a71bc138
BTM_IsAclConnectionUp association MAC address: 0x75a6c5136c
    Base: 0x75a71bd1f8
    Original MAC: EC:9A:34:B6:10:94
[+] Module base address: 0x75a6911000
[+] destination address: 0x75a71b503d
[+] read byte value: 0x02
1
[BTM_IsAclConnectionUp] return value: true
--------------------------------------------------
service discovery: 0x75a71bc138
BTM_IsAclConnectionUp association MAC address: 0x75a6c5136c
    Base: 0x75a71bd1f8
    Original MAC: EC:9A:34:B6:10:94
[+] Module base address: 0x75a6911000
[+] destination address: 0x75a71b503d
[+] read byte value: 0x02
1
[BTM_IsAclConnectionUp] return value: true
--------------------------------------------------
service discovery: 0x75a71bc138
BTM_IsAclConnectionUp association MAC address: 0x75a6c5136c
    Base: 0x75a71bd1f8
    Original MAC: EC:9A:34:B6:10:94
[+] Module base address: 0x75a6911000
[+] destination address: 0x75a71b503d
[+] read byte value: 0x02
1
[BTM_IsAclConnectionUp] return value: true
--------------------------------------------------
service discovery: 0x75a71bc138
BTM_IsAclConnectionUp association MAC address: 0x75a6c5136c
    Base: 0x75a71bd1f8
    Original MAC: EC:9A:34:B6:10:94
[+] Module base address: 0x75a6911000
[+] destination address: 0x75a71b503d
[+] read byte value: 0x02
1
[BTM_IsAclConnectionUp] return value: true
--------------------------------------------------
[btm_sec_is_a_bonded_dev] return value: false
--------------------------------------------------
BTM_IsAclConnectionUp association MAC address: 0x75a6c5136c
    Base: 0x75a71bd1f8
    Original MAC: EC:9A:34:B6:10:94
[+] Module base address: 0x75a6911000
[+] destination address: 0x75a71b503d
[+] read byte value: 0x02
1
[BTM_IsAclConnectionUp] return value: true
--------------------------------------------------
--- Service discovery completed (bta_gattc_disc_cmpl) ---
Serve [0]
  handle: 0x7 | UUID: 0000fff1-0000-1000-8000-00805f9b34fb
  type: main service | end handle: 0xffff
  Eigenvalue [0]
    declare handle: 0x8 | UUID: 0000fffd-0000-1000-8000-00805f9b34fb
    value handle: 0x9 | property: 0xc
  Eigenvalue [1]
    declare handle: 0xa | UUID: 0000fffe-0000-1000-8000-00805f9b34fb
    value handle: 0xb | property: 0x12
    descriptor [0]
      handle: 0xc | UUID: 00002902-0000-1000-8000-00805f9b34fb
Serve [1]
  handle: 0x1 | UUID: 30383033-3933-3152-3534-31423233584c
  type: main service | end handle: 0x6
  Eigenvalue [0]
    declare handle: 0x2 | UUID: 00001001-0000-1000-8000-00805f9b34fb
    value handle: 0x3 | property: 0xc
  Eigenvalue [1]
    declare handle: 0x4 | UUID: 00001002-0000-1000-8000-00805f9b34fb
    value handle: 0x5 | property: 0x12
    descriptor [0]
      handle: 0x6 | UUID: 00002902-0000-1000-8000-00805f9b34fb
Total number of services discovered: 2
[MTU Configuration] connectID: 0x7, currentMTU: 180
[MTU Configuration] return value: 0
BTM_IsAclConnectionUp association MAC address: 0x75a6c5136c
    Base: 0x75a71bd1f8
    Original MAC: EC:9A:34:B6:10:94
[+] Module base address: 0x75a6911000
[+] destination address: 0x75a71b503d
[+] read byte value: 0x02
1
[BTM_IsAclConnectionUp] return value: true
--------------------------------------------------
BTM_IsAclConnectionUp association MAC address: 0x75a6c5136c
    Base: 0x75a71ba941
    Original MAC: EC:9A:34:B6:10:94
[+] Module base address: 0x75a6911000
[+] destination address: 0x75a71b503d
[+] read byte value: 0x02
1
[BTM_IsAclConnectionUp] return value: true
--------------------------------------------------

[GATTC write operation]
connect ID: 0x7 (7)
type: GATT_WRITE (2)
data structure:
{
    connectID: 0x7,
    handle: 0x6,
    offset: 0x0,
    length: 2,
    Authentication request: 0x0,
    data: [01 00]
}
[security check] Parameter address: 0x75a71bc138
GATT Security Cls: 0x75a71bc138
[security check] return value: 1
[security check] return value: reject
[GATTC write operation] return value: 0x0
BTM_IsAclConnectionUp association MAC address: 0x75a6c5136c
    Base: 0x75a71bd1f8
    Original MAC: EC:9A:34:B6:10:94
[+] Module base address: 0x75a6911000
[+] destination address: 0x75a71b503d
[+] read byte value: 0x02
1
[BTM_IsAclConnectionUp] return value: true
--------------------------------------------------
BTM_IsAclConnectionUp association MAC address: 0x75a6c5136c
    Base: 0x75a71bd1f8
    Original MAC: EC:9A:34:B6:10:94
[+] Module base address: 0x75a6911000
[+] destination address: 0x75a71b503d
[+] read byte value: 0x02
1
[BTM_IsAclConnectionUp] return value: true
--------------------------------------------------

[GATTC write operation]
connect ID: 0x7 (7)
type: GATT_WRITE (2)
data structure:
{
    connectID: 0x7,
    handle: 0x3,
    offset: 0x0,
    length: 168,
    Authentication request: 0x0,
    data: [5a a5 00 a3 44 07 1d 81 4b bb 0e 96 28 49 54 a6 95 db 20 07 0f a0 86 52 08 02 d5 bc 30 76 40 a6 8e 6f 50 ec ae 9f 91 0e c9 18 3b da 1b 5f 32 d6 0c bd 2e 8f e4 c3 a4 e9 8d 53 f8 c8 a5 60 0c 67 1d 29 1e 47 f2 07 1d 81 4b bb 0e 96 28 49 54 a6 95 db 20 07 0f a0 86 52 08 02 d5 bc 30 76 40 a6 8e 6f 50 ec ae 00 00 00 00 00 00 00 00 00 00 00 00 00 00 00 00 00 00 00 00 55 00 00 00 19 32 14 14 14 5a 14 56 41 56 02 5a 05 05 38 3c 3c 3c 46 40 46 2b 41 28 41 00 3c 46 41 49 2b 46 2d 02 1d 13 30 30 30 33 02 10 0a]
}
[security check] Parameter address: 0x75a71bc138
GATT Security Cls: 0x75a71bc138
[security check] return value: 1
[security check] return value: reject
[GATTC write operation] return value: 0x0
BTM_IsAclConnectionUp association MAC address: 0x75a6c5136c
    Base: 0x75a71bd1f8
    Original MAC: EC:9A:34:B6:10:94
[+] Module base address: 0x75a6911000
[+] destination address: 0x75a71b503d
[+] read byte value: 0x02
1
[BTM_IsAclConnectionUp] return value: true
--------------------------------------------------
BTM_IsAclConnectionUp association MAC address: 0x75a6c5136c
    Base: 0x75a71bd1f8
    Original MAC: EC:9A:34:B6:10:94
[+] Module base address: 0x75a6911000
[+] destination address: 0x75a71b503d
[+] read byte value: 0x02
1
[BTM_IsAclConnectionUp] return value: true
--------------------------------------------------

[Bluetooth GATT notify]
aisle ID: 0x4, opcode: 0x1b, total length: 40 bytes
data block #1
handle: 0x0005
Data length: 38 bytes
Data content: 5A A5 00 21 14 A9 AB 52 9A AF 0C 81 A5 4C BF 0C B9 82 B3 77 BD 85 5B 50 90 5A A8 14 7D F0 01 3C DF CC F0 91 6A 81

[GATTC write operation]
connect ID: 0x7 (7)
type: GATT_WRITE (2)
data structure:
{
    connectID: 0x7,
    handle: 0x3,
    offset: 0x0,
    length: 54,
    Authentication request: 0x0,
    data: [5a a5 00 31 46 6e 2d 37 22 0a ce e8 d0 12 02 e2 9e 46 bf c0 c3 1b 56 bc 16 9a e4 c7 cd 0d ed e9 37 45 e7 20 f1 48 11 3b 80 3a 1f 34 50 bc 0b e9 6c 1c 6b 00 6a 12]
}
[security check] Parameter address: 0x75a71bc138
GATT Security Cls: 0x75a71bc138
[security check] return value: 1
[security check] return value: reject
[GATTC write operation] return value: 0x0
BTM_IsAclConnectionUp association MAC address: 0x75a6c5136c
    Base: 0x75a71bd1f8
    Original MAC: EC:9A:34:B6:10:94
[+] Module base address: 0x75a6911000
[+] destination address: 0x75a71b503d
[+] read byte value: 0x02
1
[BTM_IsAclConnectionUp] return value: true
--------------------------------------------------
BTM_IsAclConnectionUp association MAC address: 0x75a6c5136c
    Base: 0x75a71bd1f8
    Original MAC: EC:9A:34:B6:10:94
[+] Module base address: 0x75a6911000
[+] destination address: 0x75a71b503d
[+] read byte value: 0x02
1
[BTM_IsAclConnectionUp] return value: true
--------------------------------------------------
BTM_IsAclConnectionUp association MAC address: 0x75a6c5136c
    Base: 0x75a71bd1f8
    Original MAC: EC:9A:34:B6:10:94
[+] Module base address: 0x75a6911000
[+] destination address: 0x75a71b503d
[+] read byte value: 0x02
1
[BTM_IsAclConnectionUp] return value: true
--------------------------------------------------

[Bluetooth GATT notify]
aisle ID: 0x4, opcode: 0x1b, total length: 104 bytes
data block #1
handle: 0x0005
Data length: 102 bytes
Data content: 5A A5 00 61 16 EE 61 20 35 A8 A1 D1 DC 92 4A D1 49 58 E1 42 97 84 63 DF 7E 92 EF 6A 55 5E 13 2B 00 18 ED E1 DC B1 76 38 B7 39 FF FE 21 E1 E2 65 82 F0 C0 3E 5E E0 68 47 64 26 4F F4 CE AE D6 DD 58 2B D8 BE 7B 9F 8E CB 72 1A 8C 87 9B E2 2E 44 2C 0B 95 22 0E 3F A1 7B A6 E4 D3 D5 B6 B0 96 4E 82 E9 6D B7 0E 45

[GATTC write operation]
connect ID: 0x7 (7)
type: GATT_WRITE (2)
data structure:
{
    connectID: 0x7,
    handle: 0x3,
    offset: 0x0,
    length: 54,
    Authentication request: 0x0,
    data: [5a a5 00 31 46 90 67 b6 fe 97 6b 8d 72 b5 d2 f6 9b b3 b0 31 33 36 70 23 4d c3 95 9a 59 5e b5 b2 f4 87 5d a1 6b d8 d4 85 6e e0 1e 1d b3 d4 fa 88 7d 93 0f 29 c4 e5]
}
[security check] Parameter address: 0x75a71bc138
GATT Security Cls: 0x75a71bc138
[security check] return value: 1
[security check] return value: reject
[GATTC write operation] return value: 0x0
BTM_IsAclConnectionUp association MAC address: 0x75a6c5136c
    Base: 0x75a71bd1f8
    Original MAC: EC:9A:34:B6:10:94
[+] Module base address: 0x75a6911000
[+] destination address: 0x75a71b503d
[+] read byte value: 0x02
1
[BTM_IsAclConnectionUp] return value: true
--------------------------------------------------
BTM_IsAclConnectionUp association MAC address: 0x75a6c5136c
    Base: 0x75a71bd1f8
    Original MAC: EC:9A:34:B6:10:94
[+] Module base address: 0x75a6911000
[+] destination address: 0x75a71b503d
[+] read byte value: 0x02
1
[BTM_IsAclConnectionUp] return value: true
--------------------------------------------------

[Bluetooth GATT notify]
aisle ID: 0x4, opcode: 0x1b, total length: 104 bytes
data block #1
handle: 0x0005
Data length: 102 bytes
Data content: 5A A5 00 61 16 EE 61 20 35 A8 A1 D1 DC 92 4A D1 49 58 E1 42 97 E8 1C B1 60 02 D5 4D DC D6 AE F2 D4 6E 45 2D 87 B1 76 38 B7 39 FF FE 21 E1 E2 65 82 F0 C0 3E 5E E0 68 47 64 26 4F F4 CE AE D6 DD 58 2B D8 BE 7B C9 BA D7 53 B8 88 21 19 72 11 0B D2 E5 A1 8C F3 BA BB 33 3E D5 B6 2F 78 08 D9 BD 65 7B 34 5A C8 56

[GATTC write operation]
connect ID: 0x7 (7)
type: GATT_WRITE (2)
data structure:
{
    connectID: 0x7,
    handle: 0x3,
    offset: 0x0,
    length: 54,
    Authentication request: 0x0,
    data: [5a a5 00 31 46 b4 4b 9a 49 af fd 6c d1 4a 58 6f 58 b1 44 5d 43 f3 66 18 6e 0a f6 48 b3 39 9d db 70 39 d8 61 fe 72 94 42 54 bf ea d9 8a 4b 72 eb ea 57 5e 49 69 82]
}
[security check] Parameter address: 0x75a71bc138
GATT Security Cls: 0x75a71bc138
[security check] return value: 1
[security check] return value: reject
[GATTC write operation] return value: 0x0
BTM_IsAclConnectionUp association MAC address: 0x75a6c5136c
    Base: 0x75a71bd1f8
    Original MAC: EC:9A:34:B6:10:94
[+] Module base address: 0x75a6911000
[+] destination address: 0x75a71b503d
[+] read byte value: 0x02
1
[BTM_IsAclConnectionUp] return value: true
--------------------------------------------------
BTM_IsAclConnectionUp association MAC address: 0x75a6c5136c
    Base: 0x75a71bd1f8
    Original MAC: EC:9A:34:B6:10:94
[+] Module base address: 0x75a6911000
[+] destination address: 0x75a71b503d
[+] read byte value: 0x02
1
[BTM_IsAclConnectionUp] return value: true
--------------------------------------------------

[Bluetooth GATT notify]
aisle ID: 0x4, opcode: 0x1b, total length: 104 bytes
data block #1
handle: 0x0005
Data length: 102 bytes
Data content: 5A A5 00 61 16 28 1A 62 A3 FE AD 46 99 C2 F2 ED FC 21 58 92 3B D6 E8 89 8D 0C 8C DC 93 F9 56 6A 5B E9 7B 4F 9E B1 76 38 B7 39 FF FE 21 E1 E2 65 82 F0 C0 3E 5E E0 68 47 64 26 4F F4 CE AE D6 DD 58 2B D8 BE 7B 79 CE 3A 3C 4F C8 EC CC DF B1 71 2B 5E 35 4B 1A 61 28 CA BF A8 A4 1C CD 3E 47 3F 5F 32 74 F0 2F E0
[Remote::com.android.bluetooth ]->
[Remote::com.android.bluetooth ]-> BTM_IsAclConnectionUp association MAC address: 0x75a6c5136c
    Base: 0x75a71bd1f8
    Original MAC: EC:9A:34:B6:10:94
[+] Module base address: 0x75a6911000
[+] destination address: 0x75a71b503d
[+] read byte value: 0x02
1
[BTM_IsAclConnectionUp] return value: true
--------------------------------------------------

[Bluetooth GATT notify]
aisle ID: 0x4, opcode: 0x1b, total length: 104 bytes
data block #1
handle: 0x0005
Data length: 102 bytes
Data content: 5A A5 00 61 16 EC A9 B5 7D 2A 99 57 47 CD 07 F4 CD 76 58 9A EB A2 54 98 E5 A6 FF 93 D9 ED E7 A7 92 87 22 30 56 C2 EA 58 21 D5 68 80 53 0D AB 2A E0 CC E2 33 87 E0 68 47 64 26 4F F4 CE AE D6 DD 58 2B D8 BE 7B BB 83 F1 C4 3F 20 DF FA 5F 31 C8 5F 52 10 4B 36 B5 8A 11 8F F1 44 7B F4 BA 16 AF B5 15 D7 BD 91 B0

[GATTC write operation]
connect ID: 0x7 (7)
type: GATT_WRITE (2)
data structure:
{
    connectID: 0x7,
    handle: 0x3,
    offset: 0x0,
    length: 54,
    Authentication request: 0x0,
    data: [5a a5 00 31 46 05 5d fa 87 bb 39 7c 47 22 f2 12 f1 3c e4 97 88 99 fa 62 b5 2b bc 5b b3 46 5e 07 f0 6e 69 70 0c 86 22 38 31 da 3e a1 e5 41 79 34 b3 11 13 e3 56 ac]
}